<html>
<body>
<pre>
<h1>礦ision Build Log</h1>
<h2>Tool Versions:</h2>
IDE-Version: μVision V5.14.0.0
Copyright (C) 2015 ARM Ltd and ARM Germany GmbH. All rights reserved.
License Information: asfa wenshen, HP Inc., LIC=GMZI6-DEG4A-2ZEW4-FBXHE-W6ZJB-5RQEJ
 
Tool Versions:
Toolchain:       MDK-ARM Standard  Version: 5.14.0.0
Toolchain Path:  D:\MDK\ARM\ARMCC\Bin
C Compiler:      Armcc.exe V5.05 update 1 (build 106)
Assembler:       Armasm.exe V5.05 update 1 (build 106)
Linker/Locator:  ArmLink.exe V5.05 update 1 (build 106)
Library Manager: ArmAr.exe V5.05 update 1 (build 106)
Hex Converter:   FromElf.exe V5.05 update 1 (build 106)
CPU DLL:         SARMCM3.DLL V5.14.0.0
Dialog DLL:      DARMSTM.DLL V1.65.0.0
Target DLL:      Segger\JL2CM3.dll V2.99.13.0
Dialog DLL:      TARMSTM.DLL V1.64.0.0
 
<h2>Project:</h2>
C:\Users\wensheng\Desktop\测试程序\颜色识别追踪毕设第三版\USER\OV7725.uvprojx
Project File Date:  02/04/2021

<h2>Output:</h2>
Build target 'OV7725'
compiling main.c...
linking...
Program Size: Code=26384 RO-data=6596 RW-data=168 ZI-data=1352  
FromELF: creating hex file...
"..\OBJ\OV7725.axf" - 0 Error(s), 0 Warning(s).

<h2>Collection of Component include folders:</h2>
  C:\Users\wensheng\Desktop\测试程序\颜色识别追踪毕设第三版\USER\RTE
  D:\MDK\ARM\PACK\Keil\STM32F1xx_DFP\1.0.5\Device\Include

<h2>Collection of Component Files used:</h2>
</pre>
</body>
</html>
