Component: ARM Compiler 5.05 update 1 (build 106) Tool: armlink [4d0efa]

==============================================================================

Section Cross References

    main.o(i.Move_Trace) refers to fflt_clz.o(x$fpl$fflt) for __aeabi_i2f
    main.o(i.Move_Trace) refers to fdiv.o(x$fpl$fdiv) for __aeabi_fdiv
    main.o(i.Move_Trace) refers to faddsub_clz.o(x$fpl$fadd) for __aeabi_fadd
    main.o(i.Move_Trace) refers to ffix.o(x$fpl$ffix) for __aeabi_f2iz
    main.o(i.Move_Trace) refers to faddsub_clz.o(x$fpl$fsub) for __aeabi_fsub
    main.o(i.Move_Trace) refers to colortracer.o(.bss) for result
    main.o(i.Move_Trace) refers to main.o(.data) for .data
    main.o(i.OV7725_camera_refresh) refers to lcd.o(i.LCD_Scan_Dir) for LCD_Scan_Dir
    main.o(i.OV7725_camera_refresh) refers to lcd.o(i.LCD_Set_Window) for LCD_Set_Window
    main.o(i.OV7725_camera_refresh) refers to lcd.o(i.LCD_WriteRAM_Prepare) for LCD_WriteRAM_Prepare
    main.o(i.OV7725_camera_refresh) refers to exti.o(.data) for ov_sta
    main.o(i.OV7725_camera_refresh) refers to lcd.o(.bss) for lcddev
    main.o(i.OV7725_camera_refresh) refers to timer.o(.data) for ov_frame
    main.o(i.main) refers to delay.o(i.delay_init) for delay_init
    main.o(i.main) refers to misc.o(i.NVIC_PriorityGroupConfig) for NVIC_PriorityGroupConfig
    main.o(i.main) refers to usart.o(i.uart_init) for uart_init
    main.o(i.main) refers to lcd.o(i.LCD_Init) for LCD_Init
    main.o(i.main) refers to lcd.o(i.LCD_Display_Dir) for LCD_Display_Dir
    main.o(i.main) refers to key.o(i.KEY_Init) for KEY_Init
    main.o(i.main) refers to led.o(i.LED_Init) for LED_Init
    main.o(i.main) refers to timer.o(i.TIM2_3_PWM_Init) for TIM2_3_PWM_Init
    main.o(i.main) refers to vehicle.o(i.Vehicle_Init) for Vehicle_Init
    main.o(i.main) refers to lcd.o(i.LCD_ShowString) for LCD_ShowString
    main.o(i.main) refers to delay.o(i.delay_ms) for delay_ms
    main.o(i.main) refers to lcd.o(i.LCD_Fill) for LCD_Fill
    main.o(i.main) refers to ov7725.o(i.OV7725_Init) for OV7725_Init
    main.o(i.main) refers to key.o(i.KEY_Scan) for KEY_Scan
    main.o(i.main) refers to ov7725.o(i.OV7725_Window_Set) for OV7725_Window_Set
    main.o(i.main) refers to ov7725.o(i.OV7725_Light_Mode) for OV7725_Light_Mode
    main.o(i.main) refers to ov7725.o(i.OV7725_Color_Saturation) for OV7725_Color_Saturation
    main.o(i.main) refers to ov7725.o(i.OV7725_Brightness) for OV7725_Brightness
    main.o(i.main) refers to ov7725.o(i.OV7725_Contrast) for OV7725_Contrast
    main.o(i.main) refers to ov7725.o(i.OV7725_Special_Effects) for OV7725_Special_Effects
    main.o(i.main) refers to timer.o(i.TIM6_Int_Init) for TIM6_Int_Init
    main.o(i.main) refers to exti.o(i.EXTI8_Init) for EXTI8_Init
    main.o(i.main) refers to lcd.o(i.LCD_Clear) for LCD_Clear
    main.o(i.main) refers to main.o(i.OV7725_camera_refresh) for OV7725_camera_refresh
    main.o(i.main) refers to colortracer.o(i.Trace) for Trace
    main.o(i.main) refers to lcd.o(i.LCD_DrawRectangle) for LCD_DrawRectangle
    main.o(i.main) refers to main.o(i.Move_Trace) for Move_Trace
    main.o(i.main) refers to fflt_clz.o(x$fpl$fflt) for __aeabi_i2f
    main.o(i.main) refers to vehicle.o(i.mecanumRun) for mecanumRun
    main.o(i.main) refers to main.o(.constdata) for .constdata
    main.o(i.main) refers to main.o(.data) for .data
    main.o(i.main) refers to exti.o(.data) for Ov7670_Vsync
    main.o(i.main) refers to colortracer.o(.bss) for result
    main.o(i.main) refers to colortracer.o(.data) for condition5
    system_stm32f10x.o(i.SystemCoreClockUpdate) refers to system_stm32f10x.o(.data) for .data
    system_stm32f10x.o(i.SystemInit) refers to system_stm32f10x.o(i.SetSysClockTo72) for SetSysClockTo72
    lcd.o(i.LCD_Clear) refers to lcd.o(i.LCD_SetCursor) for LCD_SetCursor
    lcd.o(i.LCD_Clear) refers to lcd.o(i.LCD_WriteRAM_Prepare) for LCD_WriteRAM_Prepare
    lcd.o(i.LCD_Clear) refers to lcd.o(.bss) for .bss
    lcd.o(i.LCD_Color_Fill) refers to lcd.o(i.LCD_SetCursor) for LCD_SetCursor
    lcd.o(i.LCD_Color_Fill) refers to lcd.o(i.LCD_WriteRAM_Prepare) for LCD_WriteRAM_Prepare
    lcd.o(i.LCD_DisplayOff) refers to lcd.o(i.LCD_WriteReg) for LCD_WriteReg
    lcd.o(i.LCD_DisplayOff) refers to lcd.o(.bss) for .bss
    lcd.o(i.LCD_DisplayOn) refers to lcd.o(i.LCD_WriteReg) for LCD_WriteReg
    lcd.o(i.LCD_DisplayOn) refers to lcd.o(.bss) for .bss
    lcd.o(i.LCD_Display_Dir) refers to lcd.o(i.LCD_Scan_Dir) for LCD_Scan_Dir
    lcd.o(i.LCD_Display_Dir) refers to lcd.o(.bss) for .bss
    lcd.o(i.LCD_DrawLine) refers to lcd.o(i.LCD_DrawPoint) for LCD_DrawPoint
    lcd.o(i.LCD_DrawPoint) refers to lcd.o(i.LCD_SetCursor) for LCD_SetCursor
    lcd.o(i.LCD_DrawPoint) refers to lcd.o(i.LCD_WriteRAM_Prepare) for LCD_WriteRAM_Prepare
    lcd.o(i.LCD_DrawPoint) refers to lcd.o(.data) for .data
    lcd.o(i.LCD_DrawRectangle) refers to lcd.o(i.LCD_DrawLine) for LCD_DrawLine
[...]
    ../clib/stdlib.c                         0x00000000   Number         0  exit.o ABSOLUTE
    ../fplib/dfixu.s                         0x00000000   Number         0  dfixu.o ABSOLUTE
    ../fplib/dflt.s                          0x00000000   Number         0  dflt_clz.o ABSOLUTE
    ../fplib/dmul.s                          0x00000000   Number         0  dmul.o ABSOLUTE
    ../fplib/dnaninf.s                       0x00000000   Number         0  dnaninf.o ABSOLUTE
    ../fplib/dretinf.s                       0x00000000   Number         0  dretinf.o ABSOLUTE
    ../fplib/faddsub.s                       0x00000000   Number         0  faddsub_clz.o ABSOLUTE
    ../fplib/fdiv.s                          0x00000000   Number         0  fdiv.o ABSOLUTE
    ../fplib/ffix.s                          0x00000000   Number         0  ffix.o ABSOLUTE
    ../fplib/ffixu.s                         0x00000000   Number         0  ffixu.o ABSOLUTE
    ../fplib/fflt.s                          0x00000000   Number         0  fflt_clz.o ABSOLUTE
    ../fplib/fmul.s                          0x00000000   Number         0  fmul.o ABSOLUTE
    ../fplib/fnaninf.s                       0x00000000   Number         0  fnaninf.o ABSOLUTE
    ../fplib/fpinit.s                        0x00000000   Number         0  fpinit.o ABSOLUTE
    ../fplib/fretinf.s                       0x00000000   Number         0  fretinf.o ABSOLUTE
    ../fplib/usenofp.s                       0x00000000   Number         0  usenofp.o ABSOLUTE
    ..\CORE\core_cm3.c                       0x00000000   Number         0  core_cm3.o ABSOLUTE
    ..\CORE\startup_stm32f10x_hd.s           0x00000000   Number         0  startup_stm32f10x_hd.o ABSOLUTE
    ..\HARDWARE\BEEP\beep.c                  0x00000000   Number         0  beep.o ABSOLUTE
    ..\HARDWARE\ColorTracer\ColorTracer.c    0x00000000   Number         0  colortracer.o ABSOLUTE
    ..\HARDWARE\EXTI\exti.c                  0x00000000   Number         0  exti.o ABSOLUTE
    ..\HARDWARE\KEY\key.c                    0x00000000   Number         0  key.o ABSOLUTE
    ..\HARDWARE\LCD\lcd.c                    0x00000000   Number         0  lcd.o ABSOLUTE
    ..\HARDWARE\LED\led.c                    0x00000000   Number         0  led.o ABSOLUTE
    ..\HARDWARE\OV7725\ov7725.c              0x00000000   Number         0  ov7725.o ABSOLUTE
    ..\HARDWARE\OV7725\sccb.c                0x00000000   Number         0  sccb.o ABSOLUTE
    ..\HARDWARE\TIMER\timer.c                0x00000000   Number         0  timer.o ABSOLUTE
    ..\HARDWARE\VEHICLE\vehicle.c            0x00000000   Number         0  vehicle.o ABSOLUTE
    ..\STM32F10x_FWLib\src\misc.c            0x00000000   Number         0  misc.o ABSOLUTE
    ..\STM32F10x_FWLib\src\stm32f10x_exti.c  0x00000000   Number         0  stm32f10x_exti.o ABSOLUTE
    ..\STM32F10x_FWLib\src\stm32f10x_fsmc.c  0x00000000   Number         0  stm32f10x_fsmc.o ABSOLUTE
    ..\STM32F10x_FWLib\src\stm32f10x_gpio.c  0x00000000   Number         0  stm32f10x_gpio.o ABSOLUTE
    ..\STM32F10x_FWLib\src\stm32f10x_rcc.c   0x00000000   Number         0  stm32f10x_rcc.o ABSOLUTE
    ..\STM32F10x_FWLib\src\stm32f10x_tim.c   0x00000000   Number         0  stm32f10x_tim.o ABSOLUTE
    ..\STM32F10x_FWLib\src\stm32f10x_usart.c 0x00000000   Number         0  stm32f10x_usart.o ABSOLUTE
    ..\SYSTEM\delay\delay.c                  0x00000000   Number         0  delay.o ABSOLUTE
    ..\SYSTEM\sys\sys.c                      0x00000000   Number         0  sys.o ABSOLUTE
    ..\SYSTEM\usart\usart.c                  0x00000000   Number         0  usart.o ABSOLUTE
    ..\\CORE\\core_cm3.c                     0x00000000   Number         0  core_cm3.o ABSOLUTE
    ..\\SYSTEM\\sys\\sys.c                   0x00000000   Number         0  sys.o ABSOLUTE
    dc.s                                     0x00000000   Number         0  dc.o ABSOLUTE
    main.c                                   0x00000000   Number         0  main.o ABSOLUTE
    stm32f10x_it.c                           0x00000000   Number         0  stm32f10x_it.o ABSOLUTE
    system_stm32f10x.c                       0x00000000   Number         0  system_stm32f10x.o ABSOLUTE
    RESET                                    0x08000000   Section      304  startup_stm32f10x_hd.o(RESET)
    !!!main                                  0x08000130   Section        8  __main.o(!!!main)
    !!!scatter                               0x08000138   Section       52  __scatter.o(!!!scatter)
    !!handler_copy                           0x0800016c   Section       26  __scatter_copy.o(!!handler_copy)
    !!handler_zi                             0x08000188   Section       28  __scatter_zi.o(!!handler_zi)
    .ARM.Collect$$_printf_percent$$00000000  0x080001a4   Section        0  _printf_percent.o(.ARM.Collect$$_printf_percent$$00000000)
    .ARM.Collect$$_printf_percent$$00000009  0x080001a4   Section        6  _printf_d.o(.ARM.Collect$$_printf_percent$$00000009)
    .ARM.Collect$$_printf_percent$$0000000C  0x080001aa   Section        6  _printf_x.o(.ARM.Collect$$_printf_percent$$0000000C)
    .ARM.Collect$$_printf_percent$$00000017  0x080001b0   Section        4  _printf_percent_end.o(.ARM.Collect$$_printf_percent$$00000017)
    .ARM.Collect$$libinit$$00000000          0x080001b4   Section        2  libinit.o(.ARM.Collect$$libinit$$00000000)
    .ARM.Collect$$libinit$$00000002          0x080001b6   Section        0  libinit2.o(.ARM.Collect$$libinit$$00000002)
    .ARM.Collect$$libinit$$00000004          0x080001b6   Section        0  libinit2.o(.ARM.Collect$$libinit$$00000004)
    .ARM.Collect$$libinit$$0000000A          0x080001b6   Section        0  libinit2.o(.ARM.Collect$$libinit$$0000000A)
    .ARM.Collect$$libinit$$0000000C          0x080001b6   Section        0  libinit2.o(.ARM.Collect$$libinit$$0000000C)
    .ARM.Collect$$libinit$$0000000E          0x080001b6   Section        0  libinit2.o(.ARM.Collect$$libinit$$0000000E)
    .ARM.Collect$$libinit$$00000011          0x080001b6   Section        0  libinit2.o(.ARM.Collect$$libinit$$00000011)
    .ARM.Collect$$libinit$$00000013          0x080001b6   Section        0  libinit2.o(.ARM.Collect$$libinit$$00000013)
    .ARM.Collect$$libinit$$00000015          0x080001b6   Section        0  libinit2.o(.ARM.Collect$$libinit$$00000015)
    .ARM.Collect$$libinit$$00000017          0x080001b6   Section        0  libinit2.o(.ARM.Collect$$libinit$$00000017)
    .ARM.Collect$$libinit$$00000019          0x080001b6   Section        0  libinit2.o(.ARM.Collect$$libinit$$00000019)
    .ARM.Collect$$libinit$$0000001B          0x080001b6   Section        0  libinit2.o(.ARM.Collect$$libinit$$0000001B)
    .ARM.Collect$$libinit$$0000001D          0x080001b6   Section        0  libinit2.o(.ARM.Collect$$libinit$$0000001D)
    .ARM.Collect$$libinit$$0000001F          0x080001b6   Section        0  libinit2.o(.ARM.Collect$$libinit$$0000001F)
    .ARM.Collect$$libinit$$00000021          0x080001b6   Section        0  libinit2.o(.ARM.Collect$$libinit$$00000021)
    .ARM.Collect$$libinit$$00000023          0x080001b6   Section        0  libinit2.o(.ARM.Collect$$libinit$$00000023)
    .ARM.Collect$$libinit$$00000025          0x080001b6   Section        0  libinit2.o(.ARM.Collect$$libinit$$00000025)
    .ARM.Collect$$libinit$$0000002C          0x080001b6   Section        0  libinit2.o(.ARM.Collect$$libinit$$0000002C)
    .ARM.Collect$$libinit$$0000002E          0x080001b6   Section        0  libinit2.o(.ARM.Collect$$libinit$$0000002E)
    .ARM.Collect$$libinit$$00000030          0x080001b6   Section        0  libinit2.o(.ARM.Collect$$libinit$$00000030)
    .ARM.Collect$$libinit$$00000032          0x080001b6   Section        0  libinit2.o(.ARM.Collect$$libinit$$00000032)
    .ARM.Collect$$libinit$$00000033          0x080001b6   Section        2  libinit2.o(.ARM.Collect$$libinit$$00000033)
    .ARM.Collect$$libshutdown$$00000000      0x080001b8   Section        2  libshutdown.o(.ARM.Collect$$libshutdown$$00000000)
    .ARM.Collect$$libshutdown$$00000003      0x080001ba   Section        0  libshutdown2.o(.ARM.Collect$$libshutdown$$00000003)
    .ARM.Collect$$libshutdown$$00000006      0x080001ba   Section        0  libshutdown2.o(.ARM.Collect$$libshutdown$$00000006)
    .ARM.Collect$$libshutdown$$00000009      0x080001ba   Section        0  libshutdown2.o(.ARM.Collect$$libshutdown$$00000009)
    .ARM.Collect$$libshutdown$$0000000B      0x080001ba   Section        0  libshutdown2.o(.ARM.Collect$$libshutdown$$0000000B)
    .ARM.Collect$$libshutdown$$0000000E      0x080001ba   Section        0  libshutdown2.o(.ARM.Collect$$libshutdown$$0000000E)
    .ARM.Collect$$libshutdown$$0000000F      0x080001ba   Section        2  libshutdown2.o(.ARM.Collect$$libshutdown$$0000000F)
    .ARM.Collect$$rtentry$$00000000          0x080001bc   Section        0  __rtentry.o(.ARM.Collect$$rtentry$$00000000)
    .ARM.Collect$$rtentry$$00000002          0x080001bc   Section        0  __rtentry2.o(.ARM.Collect$$rtentry$$00000002)
    .ARM.Collect$$rtentry$$00000004          0x080001bc   Section        6  __rtentry4.o(.ARM.Collect$$rtentry$$00000004)
    .ARM.Collect$$rtentry$$00000009          0x080001c2   Section        0  __rtentry2.o(.ARM.Collect$$rtentry$$00000009)
    .ARM.Collect$$rtentry$$0000000A          0x080001c2   Section        4  __rtentry2.o(.ARM.Collect$$rtentry$$0000000A)
    .ARM.Collect$$rtentry$$0000000C          0x080001c6   Section        0  __rtentry2.o(.ARM.Collect$$rtentry$$0000000C)
    .ARM.Collect$$rtentry$$0000000D          0x080001c6   Section        8  __rtentry2.o(.ARM.Collect$$rtentry$$0000000D)
    .ARM.Collect$$rtexit$$00000000           0x080001ce   Section        2  rtexit.o(.ARM.Collect$$rtexit$$00000000)
    .ARM.Collect$$rtexit$$00000002           0x080001d0   Section        0  rtexit2.o(.ARM.Collect$$rtexit$$00000002)
    .ARM.Collect$$rtexit$$00000003           0x080001d0   Section        4  rtexit2.o(.ARM.Collect$$rtexit$$00000003)
    .ARM.Collect$$rtexit$$00000004           0x080001d4   Section        6  rtexit2.o(.ARM.Collect$$rtexit$$00000004)
    .text                                    0x080001dc   Section       60  startup_stm32f10x_hd.o(.text)
    .text                                    0x08000218   Section        2  use_no_semi_2.o(.text)
    .text                                    0x0800021c   Section        0  noretval__2printf.o(.text)
    .text                                    0x08000234   Section        0  __printf.o(.text)
    .text                                    0x0800029c   Section        0  _printf_dec.o(.text)
    .text                                    0x08000314   Section        0  _printf_hex_int.o(.text)
    .text                                    0x0800036c   Section        0  heapauxi.o(.text)
    .text                                    0x08000372   Section        2  use_no_semi.o(.text)
    .text                                    0x08000374   Section        0  _printf_intcommon.o(.text)
    .text                                    0x08000428   Section        0  _printf_char_file.o(.text)
    .text                                    0x0800044c   Section        0  _printf_char_common.o(.text)
    _printf_input_char                       0x0800044d   Thumb Code    10  _printf_char_common.o(.text)
    .text                                    0x0800047c   Section        0  ferror.o(.text)
    .text                                    0x08000484   Section       74  sys_stackheap_outer.o(.text)
    .text                                    0x080004ce   Section        0  exit.o(.text)
    .text                                    0x080004dc   Section        8  libspace.o(.text)
    i.BusFault_Handler                       0x080004e4   Section        0  stm32f10x_it.o(i.BusFault_Handler)
    i.ColorMatch                             0x080004e8   Section        0  colortracer.o(i.ColorMatch)
    ColorMatch                               0x080004e9   Thumb Code    60  colortracer.o(i.ColorMatch)
    i.Corrode                                0x08000528   Section        0  colortracer.o(i.Corrode)
    Corrode                                  0x08000529   Thumb Code   296  colortracer.o(i.Corrode)
    i.DebugMon_Handler                       0x08000650   Section        0  stm32f10x_it.o(i.DebugMon_Handler)
    i.EXTI8_Init                             0x08000652   Section        0  exti.o(i.EXTI8_Init)
    i.EXTI9_5_IRQHandler                     0x08000694   Section        0  exti.o(i.EXTI9_5_IRQHandler)
    i.EXTI_ClearITPendingBit                 0x080006f0   Section        0  stm32f10x_exti.o(i.EXTI_ClearITPendingBit)
    i.EXTI_GetITStatus                       0x080006fc   Section        0  stm32f10x_exti.o(i.EXTI_GetITStatus)
    i.EXTI_Init                              0x0800071c   Section        0  stm32f10x_exti.o(i.EXTI_Init)
    i.FSMC_NORSRAMCmd                        0x0800078c   Section        0  stm32f10x_fsmc.o(i.FSMC_NORSRAMCmd)
    i.FSMC_NORSRAMInit                       0x080007ac   Section        0  stm32f10x_fsmc.o(i.FSMC_NORSRAMInit)
    i.GPIO_EXTILineConfig                    0x08000874   Section        0  stm32f10x_gpio.o(i.GPIO_EXTILineConfig)
    i.GPIO_Init                              0x0800089c   Section        0  stm32f10x_gpio.o(i.GPIO_Init)
    i.GPIO_PinRemapConfig                    0x08000938   Section        0  stm32f10x_gpio.o(i.GPIO_PinRemapConfig)
    i.GPIO_ReadInputDataBit                  0x08000990   Section        0  stm32f10x_gpio.o(i.GPIO_ReadInputDataBit)
    i.GPIO_ResetBits                         0x0800099e   Section        0  stm32f10x_gpio.o(i.GPIO_ResetBits)
    i.GPIO_SetBits                           0x080009a2   Section        0  stm32f10x_gpio.o(i.GPIO_SetBits)
    i.HardFault_Handler                      0x080009a6   Section        0  stm32f10x_it.o(i.HardFault_Handler)
    i.KEY_Init                               0x080009a8   Section        0  key.o(i.KEY_Init)
    i.KEY_Scan                               0x080009e4   Section        0  key.o(i.KEY_Scan)
    i.LCD_BGR2RGB                            0x08000a8c   Section        0  lcd.o(i.LCD_BGR2RGB)
    i.LCD_Clear                              0x08000aa0   Section        0  lcd.o(i.LCD_Clear)
    i.LCD_Display_Dir                        0x08000b0c   Section        0  lcd.o(i.LCD_Display_Dir)
    i.LCD_DrawLine                           0x08000c40   Section        0  lcd.o(i.LCD_DrawLine)
    i.LCD_DrawPoint                          0x08000cd8   Section        0  lcd.o(i.LCD_DrawPoint)
    i.LCD_DrawRectangle                      0x08000cf4   Section        0  lcd.o(i.LCD_DrawRectangle)
    i.LCD_Fast_DrawPoint                     0x08000d2c   Section        0  lcd.o(i.LCD_Fast_DrawPoint)
    i.LCD_Fill                               0x08000e48   Section        0  lcd.o(i.LCD_Fill)
    i.LCD_Init                               0x08000ed4   Section        0  lcd.o(i.LCD_Init)
    i.LCD_RD_DATA                            0x08003cec   Section        0  lcd.o(i.LCD_RD_DATA)
    i.LCD_ReadPoint                          0x08003d00   Section        0  lcd.o(i.LCD_ReadPoint)
    i.LCD_ReadReg                            0x08003e08   Section        0  lcd.o(i.LCD_ReadReg)
    i.LCD_SSD_BackLightSet                   0x08003e20   Section        0  lcd.o(i.LCD_SSD_BackLightSet)
    i.LCD_Scan_Dir                           0x08003e5c   Section        0  lcd.o(i.LCD_Scan_Dir)
    i.LCD_SetCursor                          0x08004004   Section        0  lcd.o(i.LCD_SetCursor)
    i.LCD_Set_Window                         0x0800414c   Section        0  lcd.o(i.LCD_Set_Window)
    i.LCD_ShowChar                           0x080042c8   Section        0  lcd.o(i.LCD_ShowChar)
    i.LCD_ShowString                         0x08004394   Section        0  lcd.o(i.LCD_ShowString)
    i.LCD_WriteRAM_Prepare                   0x080043e8   Section        0  lcd.o(i.LCD_WriteRAM_Prepare)
    i.LCD_WriteReg                           0x080043fc   Section        0  lcd.o(i.LCD_WriteReg)
    i.LED_Init                               0x0800440c   Section        0  led.o(i.LED_Init)
    i.MemManage_Handler                      0x0800445c   Section        0  stm32f10x_it.o(i.MemManage_Handler)
    i.Move_Trace                             0x08004460   Section        0  main.o(i.Move_Trace)
    i.NMI_Handler                            0x080045b8   Section        0  stm32f10x_it.o(i.NMI_Handler)
    i.NVIC_Init                              0x080045bc   Section        0  misc.o(i.NVIC_Init)
    i.NVIC_PriorityGroupConfig               0x08004620   Section        0  misc.o(i.NVIC_PriorityGroupConfig)
    i.OV7725_Brightness                      0x08004634   Section        0  ov7725.o(i.OV7725_Brightness)
    i.OV7725_Color_Saturation                0x08004682   Section        0  ov7725.o(i.OV7725_Color_Saturation)
    i.OV7725_Contrast                        0x080046a4   Section        0  ov7725.o(i.OV7725_Contrast)
    i.OV7725_Init                            0x080046bc   Section        0  ov7725.o(i.OV7725_Init)
    i.OV7725_Light_Mode                      0x08004818   Section        0  ov7725.o(i.OV7725_Light_Mode)
    i.OV7725_Special_Effects                 0x080048b0   Section        0  ov7725.o(i.OV7725_Special_Effects)
    i.OV7725_Window_Set                      0x0800493a   Section        0  ov7725.o(i.OV7725_Window_Set)
    i.OV7725_camera_refresh                  0x08004a80   Section        0  main.o(i.OV7725_camera_refresh)
    i.PendSV_Handler                         0x08004b70   Section        0  stm32f10x_it.o(i.PendSV_Handler)
    i.RCC_AHBPeriphClockCmd                  0x08004b74   Section        0  stm32f10x_rcc.o(i.RCC_AHBPeriphClockCmd)
    i.RCC_APB1PeriphClockCmd                 0x08004b8c   Section        0  stm32f10x_rcc.o(i.RCC_APB1PeriphClockCmd)
    i.RCC_APB2PeriphClockCmd                 0x08004ba4   Section        0  stm32f10x_rcc.o(i.RCC_APB2PeriphClockCmd)
    i.RCC_GetClocksFreq                      0x08004bbc   Section        0  stm32f10x_rcc.o(i.RCC_GetClocksFreq)
    i.RGB2HSL                                0x08004c50   Section        0  colortracer.o(i.RGB2HSL)
    RGB2HSL                                  0x08004c51   Thumb Code   236  colortracer.o(i.RGB2HSL)
    i.ReadColor                              0x08004d3c   Section        0  colortracer.o(i.ReadColor)
    ReadColor                                0x08004d3d   Thumb Code    30  colortracer.o(i.ReadColor)
    i.SCCB_Init                              0x08004d5c   Section        0  sccb.o(i.SCCB_Init)
    i.SCCB_No_Ack                            0x08004dc8   Section        0  sccb.o(i.SCCB_No_Ack)
    i.SCCB_RD_Byte                           0x08004e0c   Section        0  sccb.o(i.SCCB_RD_Byte)
    i.SCCB_RD_Reg                            0x08004e80   Section        0  sccb.o(i.SCCB_RD_Reg)
    i.SCCB_Start                             0x08004ecc   Section        0  sccb.o(i.SCCB_Start)
    i.SCCB_Stop                              0x08004f00   Section        0  sccb.o(i.SCCB_Stop)
    i.SCCB_WR_Byte                           0x08004f38   Section        0  sccb.o(i.SCCB_WR_Byte)
    i.SCCB_WR_Reg                            0x08004fc8   Section        0  sccb.o(i.SCCB_WR_Reg)
    i.SVC_Handler                            0x08005006   Section        0  stm32f10x_it.o(i.SVC_Handler)
    i.SearchCenter                           0x08005008   Section        0  colortracer.o(i.SearchCenter)
    SearchCenter                             0x08005009   Thumb Code   166  colortracer.o(i.SearchCenter)
    i.SetSysClockTo72                        0x080050b0   Section        0  system_stm32f10x.o(i.SetSysClockTo72)
    SetSysClockTo72                          0x080050b1   Thumb Code   160  system_stm32f10x.o(i.SetSysClockTo72)
    i.SysTick_CLKSourceConfig                0x08005158   Section        0  misc.o(i.SysTick_CLKSourceConfig)
    i.SysTick_Handler                        0x08005170   Section        0  stm32f10x_it.o(i.SysTick_Handler)
    i.SystemInit                             0x08005174   Section        0  system_stm32f10x.o(i.SystemInit)
    i.TIM2_3_PWM_Init                        0x080051c4   Section        0  timer.o(i.TIM2_3_PWM_Init)
    i.TIM2_IRQHandler                        0x080052c4   Section        0  timer.o(i.TIM2_IRQHandler)
    i.TIM3_IRQHandler                        0x080052e4   Section        0  timer.o(i.TIM3_IRQHandler)
    i.TIM6_IRQHandler                        0x08005308   Section        0  timer.o(i.TIM6_IRQHandler)
    i.TIM6_Int_Init                          0x08005330   Section        0  timer.o(i.TIM6_Int_Init)
    i.TIM_ClearITPendingBit                  0x08005390   Section        0  stm32f10x_tim.o(i.TIM_ClearITPendingBit)
    i.TIM_Cmd                                0x08005396   Section        0  stm32f10x_tim.o(i.TIM_Cmd)
    i.TIM_GetITStatus                        0x080053aa   Section        0  stm32f10x_tim.o(i.TIM_GetITStatus)
    i.TIM_ITConfig                           0x080053c2   Section        0  stm32f10x_tim.o(i.TIM_ITConfig)
    i.TIM_OC1Init                            0x080053d4   Section        0  stm32f10x_tim.o(i.TIM_OC1Init)
    i.TIM_OC1PreloadConfig                   0x08005454   Section        0  stm32f10x_tim.o(i.TIM_OC1PreloadConfig)
    i.TIM_OC2Init                            0x08005460   Section        0  stm32f10x_tim.o(i.TIM_OC2Init)
    i.TIM_OC2PreloadConfig                   0x080054e0   Section        0  stm32f10x_tim.o(i.TIM_OC2PreloadConfig)
    i.TIM_OC3Init                            0x080054f4   Section        0  stm32f10x_tim.o(i.TIM_OC3Init)
    i.TIM_OC3PreloadConfig                   0x08005570   Section        0  stm32f10x_tim.o(i.TIM_OC3PreloadConfig)
    i.TIM_OC4Init                            0x0800557c   Section        0  stm32f10x_tim.o(i.TIM_OC4Init)
    i.TIM_OC4PreloadConfig                   0x080055e0   Section        0  stm32f10x_tim.o(i.TIM_OC4PreloadConfig)
    i.TIM_SetCompare1                        0x080055f4   Section        0  stm32f10x_tim.o(i.TIM_SetCompare1)
    i.TIM_SetCompare2                        0x080055f8   Section        0  stm32f10x_tim.o(i.TIM_SetCompare2)
    i.TIM_SetCompare3                        0x080055fc   Section        0  stm32f10x_tim.o(i.TIM_SetCompare3)
    i.TIM_SetCompare4                        0x08005600   Section        0  stm32f10x_tim.o(i.TIM_SetCompare4)
    i.TIM_TimeBaseInit                       0x08005608   Section        0  stm32f10x_tim.o(i.TIM_TimeBaseInit)
    i.Trace                                  0x080056a4   Section        0  colortracer.o(i.Trace)
    i.USART1_IRQHandler                      0x08005798   Section        0  usart.o(i.USART1_IRQHandler)
    i.USART_Cmd                              0x080057fc   Section        0  stm32f10x_usart.o(i.USART_Cmd)
    i.USART_GetITStatus                      0x08005810   Section        0  stm32f10x_usart.o(i.USART_GetITStatus)
    i.USART_ITConfig                         0x0800584e   Section        0  stm32f10x_usart.o(i.USART_ITConfig)
    i.USART_Init                             0x08005880   Section        0  stm32f10x_usart.o(i.USART_Init)
    i.USART_ReceiveData                      0x0800592c   Section        0  stm32f10x_usart.o(i.USART_ReceiveData)
    i.UsageFault_Handler                     0x08005934   Section        0  stm32f10x_it.o(i.UsageFault_Handler)
    i.Vehicle_Init                           0x08005938   Section        0  vehicle.o(i.Vehicle_Init)
    i._sys_exit                              0x08005970   Section        0  usart.o(i._sys_exit)
    i.delay_init                             0x08005974   Section        0  delay.o(i.delay_init)
    i.delay_ms                               0x080059b0   Section        0  delay.o(i.delay_ms)
    i.delay_us                               0x080059e4   Section        0  delay.o(i.delay_us)
    i.fputc                                  0x08005a18   Section        0  usart.o(i.fputc)
    i.main                                   0x08005a30   Section        0  main.o(i.main)
    i.mecanumRun                             0x08005d88   Section        0  vehicle.o(i.mecanumRun)
    i.setEachMotorSpeed                      0x08005f40   Section        0  vehicle.o(i.setEachMotorSpeed)
    i.uart_init                              0x08005f74   Section        0  usart.o(i.uart_init)
    x$fpl$dfixu                              0x08006014   Section       90  dfixu.o(x$fpl$dfixu)
    x$fpl$dfltu                              0x0800606e   Section       38  dflt_clz.o(x$fpl$dfltu)
    x$fpl$dmul                               0x08006094   Section      340  dmul.o(x$fpl$dmul)
    x$fpl$dnaninf                            0x080061e8   Section      156  dnaninf.o(x$fpl$dnaninf)
    x$fpl$dretinf                            0x08006284   Section       12  dretinf.o(x$fpl$dretinf)
    x$fpl$fadd                               0x08006290   Section      196  faddsub_clz.o(x$fpl$fadd)
    _fadd1                                   0x0800629f   Thumb Code     0  faddsub_clz.o(x$fpl$fadd)
    x$fpl$fdiv                               0x08006354   Section      388  fdiv.o(x$fpl$fdiv)
    _fdiv1                                   0x08006355   Thumb Code     0  fdiv.o(x$fpl$fdiv)
    x$fpl$ffix                               0x080064d8   Section       54  ffix.o(x$fpl$ffix)
    x$fpl$ffixu                              0x08006510   Section       62  ffixu.o(x$fpl$ffixu)
    x$fpl$fflt                               0x08006550   Section       48  fflt_clz.o(x$fpl$fflt)
    x$fpl$ffltu                              0x08006580   Section       38  fflt_clz.o(x$fpl$ffltu)
    x$fpl$fmul                               0x080065a8   Section      258  fmul.o(x$fpl$fmul)
    x$fpl$fnaninf                            0x080066aa   Section      140  fnaninf.o(x$fpl$fnaninf)
    x$fpl$fretinf                            0x08006736   Section       10  fretinf.o(x$fpl$fretinf)
    x$fpl$frsb                               0x08006740   Section       20  faddsub_clz.o(x$fpl$frsb)
    x$fpl$fsub                               0x08006754   Section      234  faddsub_clz.o(x$fpl$fsub)
    _fsub1                                   0x08006763   Thumb Code     0  faddsub_clz.o(x$fpl$fsub)
    x$fpl$usenofp                            0x0800683e   Section        0  usenofp.o(x$fpl$usenofp)
    .constdata                               0x08006840   Section        8  main.o(.constdata)
    .constdata                               0x08006848   Section     6080  lcd.o(.constdata)
    .constdata                               0x08008008   Section      130  ov7725.o(.constdata)
    .constdata                               0x0800808a   Section       40  _printf_hex_int.o(.constdata)
    uc_hextab                                0x0800808a   Data          20  _printf_hex_int.o(.constdata)
    lc_hextab                                0x0800809e   Data          20  _printf_hex_int.o(.constdata)
    .data                                    0x20000000   Section       28  main.o(.data)
    .data                                    0x2000001c   Section       20  system_stm32f10x.o(.data)
    .data                                    0x20000030   Section        4  lcd.o(.data)
    .data                                    0x20000034   Section        2  exti.o(.data)
    .data                                    0x20000036   Section        1  timer.o(.data)
    .data                                    0x20000038   Section       24  colortracer.o(.data)
    .data                                    0x20000050   Section       32  colortracer.o(.data)
    x0                                       0x20000054   Data           4  colortracer.o(.data)
    y0                                       0x20000058   Data           4  colortracer.o(.data)
    Flag                                     0x2000005c   Data           4  colortracer.o(.data)
    area                                     0x20000060   Data          16  colortracer.o(.data)
    .data                                    0x20000070   Section        1  key.o(.data)
    key_up                                   0x20000070   Data           1  key.o(.data)
    .data                                    0x20000074   Section       20  vehicle.o(.data)
    .data                                    0x20000088   Section        4  delay.o(.data)
    fac_us                                   0x20000088   Data           1  delay.o(.data)
    fac_ms                                   0x2000008a   Data           2  delay.o(.data)
    .data                                    0x2000008c   Section        2  usart.o(.data)
    .data                                    0x20000090   Section        4  usart.o(.data)
    .data                                    0x20000094   Section       20  stm32f10x_rcc.o(.data)
    ADCPrescTable                            0x20000094   Data           4  stm32f10x_rcc.o(.data)
    APBAHBPrescTable                         0x20000098   Data          16  stm32f10x_rcc.o(.data)
    .bss                                     0x200000a8   Section       14  lcd.o(.bss)
    .bss                                     0x200000b8   Section       16  colortracer.o(.bss)
    .bss                                     0x200000c8   Section      200  usart.o(.bss)
    .bss                                     0x20000190   Section       96  libspace.o(.bss)
    HEAP                                     0x200001f0   Section        0  startup_stm32f10x_hd.o(HEAP)
    STACK                                    0x200001f0   Section     1024  startup_stm32f10x_hd.o(STACK)
    Heap_Mem                                 0x200001f0   Data           0  startup_stm32f10x_hd.o(HEAP)
    Stack_Mem                                0x200001f0   Data        1024  startup_stm32f10x_hd.o(STACK)
    __initial_sp                             0x200005f0   Data           0  startup_stm32f10x_hd.o(STACK)

    Global Symbols

    Symbol Name                              Value     Ov Type        Size  Object(Section)

    BuildAttributes$$THM_ISAv4$P$D$K$B$S$PE$A:L22UL41UL21$X:L11$S22US41US21$IEEE1$IW$USESV6$~STKCKD$USESV7$~SHL$OSPACE$ROPI$EBA8$UX$STANDARDLIB$REQ8$PRES8$EABIv2 0x00000000   Number         0  anon$$obj.o ABSOLUTE
    __ARM_use_no_argv                        0x00000000   Number         0  main.o ABSOLUTE
    __ARM_exceptions_init                     - Undefined Weak Reference
    __alloca_initialize                       - Undefined Weak Reference
    __arm_preinit_                            - Undefined Weak Reference
    __cpp_initialize__aeabi_                  - Undefined Weak Reference
    __cxa_finalize                            - Undefined Weak Reference
    __rt_locale                               - Undefined Weak Reference
    __sigvec_lookup                           - Undefined Weak Reference
    _atexit_init                              - Undefined Weak Reference
    _call_atexit_fns                          - Undefined Weak Reference
    _clock_init                               - Undefined Weak Reference
    _fp_trap_init                             - Undefined Weak Reference
    _fp_trap_shutdown                         - Undefined Weak Reference
    _get_lc_collate                           - Undefined Weak Reference
    _get_lc_ctype                             - Undefined Weak Reference
    _get_lc_monetary                          - Undefined Weak Reference
    _get_lc_numeric                           - Undefined Weak Reference
    _get_lc_time                              - Undefined Weak Reference
    _getenv_init                              - Undefined Weak Reference
    _handle_redirection                       - Undefined Weak Reference
    _init_alloc                               - Undefined Weak Reference
    _init_user_alloc                          - Undefined Weak Reference
    _initio                                   - Undefined Weak Reference
    _mutex_acquire                            - Undefined Weak Reference
    _mutex_release                            - Undefined Weak Reference
    _printf_post_padding                      - Undefined Weak Reference
    _printf_pre_padding                       - Undefined Weak Reference
    _printf_truncate_signed                   - Undefined Weak Reference
    _printf_truncate_unsigned                 - Undefined Weak Reference
    _rand_init                                - Undefined Weak Reference
    _signal_finish                            - Undefined Weak Reference
    _signal_init                              - Undefined Weak Reference
    _terminate_alloc                          - Undefined Weak Reference
    _terminate_user_alloc                     - Undefined Weak Reference
    _terminateio                              - Undefined Weak Reference
    __Vectors_Size                           0x00000130   Number         0  startup_stm32f10x_hd.o ABSOLUTE
    __Vectors                                0x08000000   Data           4  startup_stm32f10x_hd.o(RESET)
    __Vectors_End                            0x08000130   Data           0  startup_stm32f10x_hd.o(RESET)
    __main                                   0x08000131   Thumb Code     8  __main.o(!!!main)
    __scatterload                            0x08000139   Thumb Code     0  __scatter.o(!!!scatter)
    __scatterload_rt2                        0x08000139   Thumb Code    44  __scatter.o(!!!scatter)
    __scatterload_rt2_thumb_only             0x08000139   Thumb Code     0  __scatter.o(!!!scatter)
    __scatterload_null                       0x08000147   Thumb Code     0  __scatter.o(!!!scatter)
    __scatterload_copy                       0x0800016d   Thumb Code    26  __scatter_copy.o(!!handler_copy)
    __scatterload_zeroinit                   0x08000189   Thumb Code    28  __scatter_zi.o(!!handler_zi)
    _printf_d                                0x080001a5   Thumb Code     0  _printf_d.o(.ARM.Collect$$_printf_percent$$00000009)
    _printf_percent                          0x080001a5   Thumb Code     0  _printf_percent.o(.ARM.Collect$$_printf_percent$$00000000)
    _printf_x                                0x080001ab   Thumb Code     0  _printf_x.o(.ARM.Collect$$_printf_percent$$0000000C)
    _printf_percent_end                      0x080001b1   Thumb Code     0  _printf_percent_end.o(.ARM.Collect$$_printf_percent$$00000017)
    __rt_lib_init                            0x080001b5   Thumb Code     0  libinit.o(.ARM.Collect$$libinit$$00000000)
    __rt_lib_init_alloca_1                   0x080001b7   Thumb Code     0  libinit2.o(.ARM.Collect$$libinit$$0000002E)
    __rt_lib_init_argv_1                     0x080001b7   Thumb Code     0  libinit2.o(.ARM.Collect$$libinit$$0000002C)
    __rt_lib_init_atexit_1                   0x080001b7   Thumb Code     0  libinit2.o(.ARM.Collect$$libinit$$0000001B)
    __rt_lib_init_clock_1                    0x080001b7   Thumb Code     0  libinit2.o(.ARM.Collect$$libinit$$00000021)
    __rt_lib_init_cpp_1                      0x080001b7   Thumb Code     0  libinit2.o(.ARM.Collect$$libinit$$00000032)
    __rt_lib_init_exceptions_1               0x080001b7   Thumb Code     0  libinit2.o(.ARM.Collect$$libinit$$00000030)
    __rt_lib_init_fp_1                       0x080001b7   Thumb Code     0  libinit2.o(.ARM.Collect$$libinit$$00000002)
    __rt_lib_init_fp_trap_1                  0x080001b7   Thumb Code     0  libinit2.o(.ARM.Collect$$libinit$$0000001F)
    __rt_lib_init_getenv_1                   0x080001b7   Thumb Code     0  libinit2.o(.ARM.Collect$$libinit$$00000023)
    __rt_lib_init_heap_1                     0x080001b7   Thumb Code     0  libinit2.o(.ARM.Collect$$libinit$$0000000A)
    __rt_lib_init_lc_collate_1               0x080001b7   Thumb Code     0  libinit2.o(.ARM.Collect$$libinit$$00000011)
    __rt_lib_init_lc_ctype_1                 0x080001b7   Thumb Code     0  libinit2.o(.ARM.Collect$$libinit$$00000013)
    __rt_lib_init_lc_monetary_1              0x080001b7   Thumb Code     0  libinit2.o(.ARM.Collect$$libinit$$00000015)
    __rt_lib_init_lc_numeric_1               0x080001b7   Thumb Code     0  libinit2.o(.ARM.Collect$$libinit$$00000017)
    __rt_lib_init_lc_time_1                  0x080001b7   Thumb Code     0  libinit2.o(.ARM.Collect$$libinit$$00000019)
    __rt_lib_init_preinit_1                  0x080001b7   Thumb Code     0  libinit2.o(.ARM.Collect$$libinit$$00000004)
    __rt_lib_init_rand_1                     0x080001b7   Thumb Code     0  libinit2.o(.ARM.Collect$$libinit$$0000000E)
    __rt_lib_init_return                     0x080001b7   Thumb Code     0  libinit2.o(.ARM.Collect$$libinit$$00000033)
    __rt_lib_init_signal_1                   0x080001b7   Thumb Code     0  libinit2.o(.ARM.Collect$$libinit$$0000001D)
    __rt_lib_init_stdio_1                    0x080001b7   Thumb Code     0  libinit2.o(.ARM.Collect$$libinit$$00000025)
    __rt_lib_init_user_alloc_1               0x080001b7   Thumb Code     0  libinit2.o(.ARM.Collect$$libinit$$0000000C)
    __rt_lib_shutdown                        0x080001b9   Thumb Code     0  libshutdown.o(.ARM.Collect$$libshutdown$$00000000)
    __rt_lib_shutdown_fp_trap_1              0x080001bb   Thumb Code     0  libshutdown2.o(.ARM.Collect$$libshutdown$$00000006)
    __rt_lib_shutdown_heap_1                 0x080001bb   Thumb Code     0  libshutdown2.o(.ARM.Collect$$libshutdown$$0000000E)
    __rt_lib_shutdown_return                 0x080001bb   Thumb Code     0  libshutdown2.o(.ARM.Collect$$libshutdown$$0000000F)
    __rt_lib_shutdown_signal_1               0x080001bb   Thumb Code     0  libshutdown2.o(.ARM.Collect$$libshutdown$$00000009)
    __rt_lib_shutdown_stdio_1                0x080001bb   Thumb Code     0  libshutdown2.o(.ARM.Collect$$libshutdown$$00000003)
    __rt_lib_shutdown_user_alloc_1           0x080001bb   Thumb Code     0  libshutdown2.o(.ARM.Collect$$libshutdown$$0000000B)
    __rt_entry                               0x080001bd   Thumb Code     0  __rtentry.o(.ARM.Collect$$rtentry$$00000000)
    __rt_entry_presh_1                       0x080001bd   Thumb Code     0  __rtentry2.o(.ARM.Collect$$rtentry$$00000002)
    __rt_entry_sh                            0x080001bd   Thumb Code     0  __rtentry4.o(.ARM.Collect$$rtentry$$00000004)
    __rt_entry_li                            0x080001c3   Thumb Code     0  __rtentry2.o(.ARM.Collect$$rtentry$$0000000A)
    __rt_entry_postsh_1                      0x080001c3   Thumb Code     0  __rtentry2.o(.ARM.Collect$$rtentry$$00000009)
    __rt_entry_main                          0x080001c7   Thumb Code     0  __rtentry2.o(.ARM.Collect$$rtentry$$0000000D)
    __rt_entry_postli_1                      0x080001c7   Thumb Code     0  __rtentry2.o(.ARM.Collect$$rtentry$$0000000C)
    __rt_exit                                0x080001cf   Thumb Code     0  rtexit.o(.ARM.Collect$$rtexit$$00000000)
    __rt_exit_ls                             0x080001d1   Thumb Code     0  rtexit2.o(.ARM.Collect$$rtexit$$00000003)
    __rt_exit_prels_1                        0x080001d1   Thumb Code     0  rtexit2.o(.ARM.Collect$$rtexit$$00000002)
    __rt_exit_exit                           0x080001d5   Thumb Code     0  rtexit2.o(.ARM.Collect$$rtexit$$00000004)
    Reset_Handler                            0x080001dd   Thumb Code     8  startup_stm32f10x_hd.o(.text)
    ADC1_2_IRQHandler                        0x080001f7   Thumb Code     0  startup_stm32f10x_hd.o(.text)
    ADC3_IRQHandler                          0x080001f7   Thumb Code     0  startup_stm32f10x_hd.o(.text)
    CAN1_RX1_IRQHandler                      0x080001f7   Thumb Code     0  startup_stm32f10x_hd.o(.text)
    CAN1_SCE_IRQHandler                      0x080001f7   Thumb Code     0  startup_stm32f10x_hd.o(.text)
    DMA1_Channel1_IRQHandler                 0x080001f7   Thumb Code     0  startup_stm32f10x_hd.o(.text)
    DMA1_Channel2_IRQHandler                 0x080001f7   Thumb Code     0  startup_stm32f10x_hd.o(.text)
    DMA1_Channel3_IRQHandler                 0x080001f7   Thumb Code     0  startup_stm32f10x_hd.o(.text)
    DMA1_Channel4_IRQHandler                 0x080001f7   Thumb Code     0  startup_stm32f10x_hd.o(.text)
    DMA1_Channel5_IRQHandler                 0x080001f7   Thumb Code     0  startup_stm32f10x_hd.o(.text)
    DMA1_Channel6_IRQHandler                 0x080001f7   Thumb Code     0  startup_stm32f10x_hd.o(.text)
    DMA1_Channel7_IRQHandler                 0x080001f7   Thumb Code     0  startup_stm32f10x_hd.o(.text)
    DMA2_Channel1_IRQHandler                 0x080001f7   Thumb Code     0  startup_stm32f10x_hd.o(.text)
    DMA2_Channel2_IRQHandler                 0x080001f7   Thumb Code     0  startup_stm32f10x_hd.o(.text)
    DMA2_Channel3_IRQHandler                 0x080001f7   Thumb Code     0  startup_stm32f10x_hd.o(.text)
    DMA2_Channel4_5_IRQHandler               0x080001f7   Thumb Code     0  startup_stm32f10x_hd.o(.text)
    EXTI0_IRQHandler                         0x080001f7   Thumb Code     0  startup_stm32f10x_hd.o(.text)
    EXTI15_10_IRQHandler                     0x080001f7   Thumb Code     0  startup_stm32f10x_hd.o(.text)
    EXTI1_IRQHandler                         0x080001f7   Thumb Code     0  startup_stm32f10x_hd.o(.text)
    EXTI2_IRQHandler                         0x080001f7   Thumb Code     0  startup_stm32f10x_hd.o(.text)
    EXTI3_IRQHandler                         0x080001f7   Thumb Code     0  startup_stm32f10x_hd.o(.text)
    EXTI4_IRQHandler                         0x080001f7   Thumb Code     0  startup_stm32f10x_hd.o(.text)
    FLASH_IRQHandler                         0x080001f7   Thumb Code     0  startup_stm32f10x_hd.o(.text)
    FSMC_IRQHandler                          0x080001f7   Thumb Code     0  startup_stm32f10x_hd.o(.text)
    I2C1_ER_IRQHandler                       0x080001f7   Thumb Code     0  startup_stm32f10x_hd.o(.text)
    I2C1_EV_IRQHandler                       0x080001f7   Thumb Code     0  startup_stm32f10x_hd.o(.text)
    I2C2_ER_IRQHandler                       0x080001f7   Thumb Code     0  startup_stm32f10x_hd.o(.text)
    I2C2_EV_IRQHandler                       0x080001f7   Thumb Code     0  startup_stm32f10x_hd.o(.text)
    PVD_IRQHandler                           0x080001f7   Thumb Code     0  startup_stm32f10x_hd.o(.text)
    RCC_IRQHandler                           0x080001f7   Thumb Code     0  startup_stm32f10x_hd.o(.text)
    RTCAlarm_IRQHandler                      0x080001f7   Thumb Code     0  startup_stm32f10x_hd.o(.text)
    RTC_IRQHandler                           0x080001f7   Thumb Code     0  startup_stm32f10x_hd.o(.text)
    SDIO_IRQHandler                          0x080001f7   Thumb Code     0  startup_stm32f10x_hd.o(.text)
    SPI1_IRQHandler                          0x080001f7   Thumb Code     0  startup_stm32f10x_hd.o(.text)
    SPI2_IRQHandler                          0x080001f7   Thumb Code     0  startup_stm32f10x_hd.o(.text)
    SPI3_IRQHandler                          0x080001f7   Thumb Code     0  startup_stm32f10x_hd.o(.text)
    TAMPER_IRQHandler                        0x080001f7   Thumb Code     0  startup_stm32f10x_hd.o(.text)
    TIM1_BRK_IRQHandler                      0x080001f7   Thumb Code     0  startup_stm32f10x_hd.o(.text)
    TIM1_CC_IRQHandler                       0x080001f7   Thumb Code     0  startup_stm32f10x_hd.o(.text)
    TIM1_TRG_COM_IRQHandler                  0x080001f7   Thumb Code     0  startup_stm32f10x_hd.o(.text)
    TIM1_UP_IRQHandler                       0x080001f7   Thumb Code     0  startup_stm32f10x_hd.o(.text)
    TIM4_IRQHandler                          0x080001f7   Thumb Code     0  startup_stm32f10x_hd.o(.text)
    TIM5_IRQHandler                          0x080001f7   Thumb Code     0  startup_stm32f10x_hd.o(.text)
    TIM7_IRQHandler                          0x080001f7   Thumb Code     0  startup_stm32f10x_hd.o(.text)
    TIM8_BRK_IRQHandler                      0x080001f7   Thumb Code     0  startup_stm32f10x_hd.o(.text)
    TIM8_CC_IRQHandler                       0x080001f7   Thumb Code     0  startup_stm32f10x_hd.o(.text)
    TIM8_TRG_COM_IRQHandler                  0x080001f7   Thumb Code     0  startup_stm32f10x_hd.o(.text)
    TIM8_UP_IRQHandler                       0x080001f7   Thumb Code     0  startup_stm32f10x_hd.o(.text)
    UART4_IRQHandler                         0x080001f7   Thumb Code     0  startup_stm32f10x_hd.o(.text)
    UART5_IRQHandler                         0x080001f7   Thumb Code     0  startup_stm32f10x_hd.o(.text)
    USART2_IRQHandler                        0x080001f7   Thumb Code     0  startup_stm32f10x_hd.o(.text)
    USART3_IRQHandler                        0x080001f7   Thumb Code     0  startup_stm32f10x_hd.o(.text)
    USBWakeUp_IRQHandler                     0x080001f7   Thumb Code     0  startup_stm32f10x_hd.o(.text)
    USB_HP_CAN1_TX_IRQHandler                0x080001f7   Thumb Code     0  startup_stm32f10x_hd.o(.text)
    USB_LP_CAN1_RX0_IRQHandler               0x080001f7   Thumb Code     0  startup_stm32f10x_hd.o(.text)
    WWDG_IRQHandler                          0x080001f7   Thumb Code     0  startup_stm32f10x_hd.o(.text)
    __user_initial_stackheap                 0x080001f9   Thumb Code     0  startup_stm32f10x_hd.o(.text)
    __use_no_semihosting                     0x08000219   Thumb Code     2  use_no_semi_2.o(.text)
    __2printf                                0x0800021d   Thumb Code    20  noretval__2printf.o(.text)
    __printf                                 0x08000235   Thumb Code   104  __printf.o(.text)
    _printf_int_dec                          0x0800029d   Thumb Code   104  _printf_dec.o(.text)
    _printf_int_hex                          0x08000315   Thumb Code    84  _printf_hex_int.o(.text)
    _printf_longlong_hex                     0x08000315   Thumb Code     0  _printf_hex_int.o(.text)
    __use_two_region_memory                  0x0800036d   Thumb Code     2  heapauxi.o(.text)
    __rt_heap_escrow$2region                 0x0800036f   Thumb Code     2  heapauxi.o(.text)
    __rt_heap_expand$2region                 0x08000371   Thumb Code     2  heapauxi.o(.text)
    __I$use$semihosting                      0x08000373   Thumb Code     0  use_no_semi.o(.text)
    __use_no_semihosting_swi                 0x08000373   Thumb Code     2  use_no_semi.o(.text)
    _printf_int_common                       0x08000375   Thumb Code   178  _printf_intcommon.o(.text)
    _printf_char_file                        0x08000429   Thumb Code    32  _printf_char_file.o(.text)
    _printf_char_common                      0x08000457   Thumb Code    32  _printf_char_common.o(.text)
    ferror                                   0x0800047d   Thumb Code     8  ferror.o(.text)
    __user_setup_stackheap                   0x08000485   Thumb Code    74  sys_stackheap_outer.o(.text)
    exit                                     0x080004cf   Thumb Code    12  exit.o(.text)
    __user_libspace                          0x080004dd   Thumb Code     8  libspace.o(.text)
    __user_perproc_libspace                  0x080004dd   Thumb Code     0  libspace.o(.text)
    __user_perthread_libspace                0x080004dd   Thumb Code     0  libspace.o(.text)
    BusFault_Handler                         0x080004e5   Thumb Code     2  stm32f10x_it.o(i.BusFault_Handler)
    DebugMon_Handler                         0x08000651   Thumb Code     2  stm32f10x_it.o(i.DebugMon_Handler)
    EXTI8_Init                               0x08000653   Thumb Code    66  exti.o(i.EXTI8_Init)
    EXTI9_5_IRQHandler                       0x08000695   Thumb Code    78  exti.o(i.EXTI9_5_IRQHandler)
    EXTI_ClearITPendingBit                   0x080006f1   Thumb Code     6  stm32f10x_exti.o(i.EXTI_ClearITPendingBit)
    EXTI_GetITStatus                         0x080006fd   Thumb Code    28  stm32f10x_exti.o(i.EXTI_GetITStatus)
    EXTI_Init                                0x0800071d   Thumb Code   108  stm32f10x_exti.o(i.EXTI_Init)
    FSMC_NORSRAMCmd                          0x0800078d   Thumb Code    26  stm32f10x_fsmc.o(i.FSMC_NORSRAMCmd)
    FSMC_NORSRAMInit                         0x080007ad   Thumb Code   200  stm32f10x_fsmc.o(i.FSMC_NORSRAMInit)
    GPIO_EXTILineConfig                      0x08000875   Thumb Code    34  stm32f10x_gpio.o(i.GPIO_EXTILineConfig)
    GPIO_Init                                0x0800089d   Thumb Code   156  stm32f10x_gpio.o(i.GPIO_Init)
    GPIO_PinRemapConfig                      0x08000939   Thumb Code    82  stm32f10x_gpio.o(i.GPIO_PinRemapConfig)
    GPIO_ReadInputDataBit                    0x08000991   Thumb Code    14  stm32f10x_gpio.o(i.GPIO_ReadInputDataBit)
    GPIO_ResetBits                           0x0800099f   Thumb Code     4  stm32f10x_gpio.o(i.GPIO_ResetBits)
    GPIO_SetBits                             0x080009a3   Thumb Code     4  stm32f10x_gpio.o(i.GPIO_SetBits)
    HardFault_Handler                        0x080009a7   Thumb Code     2  stm32f10x_it.o(i.HardFault_Handler)
    KEY_Init                                 0x080009a9   Thumb Code    52  key.o(i.KEY_Init)
    KEY_Scan                                 0x080009e5   Thumb Code   154  key.o(i.KEY_Scan)
    LCD_BGR2RGB                              0x08000a8d   Thumb Code    18  lcd.o(i.LCD_BGR2RGB)
    LCD_Clear                                0x08000aa1   Thumb Code   100  lcd.o(i.LCD_Clear)
    LCD_Display_Dir                          0x08000b0d   Thumb Code   304  lcd.o(i.LCD_Display_Dir)
    LCD_DrawLine                             0x08000c41   Thumb Code   150  lcd.o(i.LCD_DrawLine)
    LCD_DrawPoint                            0x08000cd9   Thumb Code    20  lcd.o(i.LCD_DrawPoint)
    LCD_DrawRectangle                        0x08000cf5   Thumb Code    56  lcd.o(i.LCD_DrawRectangle)
    LCD_Fast_DrawPoint                       0x08000d2d   Thumb Code   276  lcd.o(i.LCD_Fast_DrawPoint)
    LCD_Fill                                 0x08000e49   Thumb Code   132  lcd.o(i.LCD_Fill)
    LCD_Init                                 0x08000ed5   Thumb Code 11794  lcd.o(i.LCD_Init)
    LCD_RD_DATA                              0x08003ced   Thumb Code    16  lcd.o(i.LCD_RD_DATA)
    LCD_ReadPoint                            0x08003d01   Thumb Code   254  lcd.o(i.LCD_ReadPoint)
    LCD_ReadReg                              0x08003e09   Thumb Code    20  lcd.o(i.LCD_ReadReg)
    LCD_SSD_BackLightSet                     0x08003e21   Thumb Code    50  lcd.o(i.LCD_SSD_BackLightSet)
    LCD_Scan_Dir                             0x08003e5d   Thumb Code   414  lcd.o(i.LCD_Scan_Dir)
    LCD_SetCursor                            0x08004005   Thumb Code   320  lcd.o(i.LCD_SetCursor)
    LCD_Set_Window                           0x0800414d   Thumb Code   370  lcd.o(i.LCD_Set_Window)
    LCD_ShowChar                             0x080042c9   Thumb Code   182  lcd.o(i.LCD_ShowChar)
    LCD_ShowString                           0x08004395   Thumb Code    84  lcd.o(i.LCD_ShowString)
    LCD_WriteRAM_Prepare                     0x080043e9   Thumb Code    10  lcd.o(i.LCD_WriteRAM_Prepare)
    LCD_WriteReg                             0x080043fd   Thumb Code    10  lcd.o(i.LCD_WriteReg)
    LED_Init                                 0x0800440d   Thumb Code    70  led.o(i.LED_Init)
    MemManage_Handler                        0x0800445d   Thumb Code     2  stm32f10x_it.o(i.MemManage_Handler)
    Move_Trace                               0x08004461   Thumb Code   320  main.o(i.Move_Trace)
    NMI_Handler                              0x080045b9   Thumb Code     2  stm32f10x_it.o(i.NMI_Handler)
    NVIC_Init                                0x080045bd   Thumb Code    94  misc.o(i.NVIC_Init)
    NVIC_PriorityGroupConfig                 0x08004621   Thumb Code    10  misc.o(i.NVIC_PriorityGroupConfig)
    OV7725_Brightness                        0x08004635   Thumb Code    78  ov7725.o(i.OV7725_Brightness)
    OV7725_Color_Saturation                  0x08004683   Thumb Code    34  ov7725.o(i.OV7725_Color_Saturation)
    OV7725_Contrast                          0x080046a5   Thumb Code    22  ov7725.o(i.OV7725_Contrast)
    OV7725_Init                              0x080046bd   Thumb Code   296  ov7725.o(i.OV7725_Init)
    OV7725_Light_Mode                        0x08004819   Thumb Code   152  ov7725.o(i.OV7725_Light_Mode)
    OV7725_Special_Effects                   0x080048b1   Thumb Code   138  ov7725.o(i.OV7725_Special_Effects)
    OV7725_Window_Set                        0x0800493b   Thumb Code   326  ov7725.o(i.OV7725_Window_Set)
    OV7725_camera_refresh                    0x08004a81   Thumb Code   212  main.o(i.OV7725_camera_refresh)
    PendSV_Handler                           0x08004b71   Thumb Code     2  stm32f10x_it.o(i.PendSV_Handler)
    RCC_AHBPeriphClockCmd                    0x08004b75   Thumb Code    18  stm32f10x_rcc.o(i.RCC_AHBPeriphClockCmd)
    RCC_APB1PeriphClockCmd                   0x08004b8d   Thumb Code    18  stm32f10x_rcc.o(i.RCC_APB1PeriphClockCmd)
    RCC_APB2PeriphClockCmd                   0x08004ba5   Thumb Code    18  stm32f10x_rcc.o(i.RCC_APB2PeriphClockCmd)
    RCC_GetClocksFreq                        0x08004bbd   Thumb Code   132  stm32f10x_rcc.o(i.RCC_GetClocksFreq)
    SCCB_Init                                0x08004d5d   Thumb Code    98  sccb.o(i.SCCB_Init)
    SCCB_No_Ack                              0x08004dc9   Thumb Code    58  sccb.o(i.SCCB_No_Ack)
    SCCB_RD_Byte                             0x08004e0d   Thumb Code   102  sccb.o(i.SCCB_RD_Byte)
    SCCB_RD_Reg                              0x08004e81   Thumb Code    76  sccb.o(i.SCCB_RD_Reg)
    SCCB_Start                               0x08004ecd   Thumb Code    44  sccb.o(i.SCCB_Start)
    SCCB_Stop                                0x08004f01   Thumb Code    46  sccb.o(i.SCCB_Stop)
    SCCB_WR_Byte                             0x08004f39   Thumb Code   130  sccb.o(i.SCCB_WR_Byte)
    SCCB_WR_Reg                              0x08004fc9   Thumb Code    62  sccb.o(i.SCCB_WR_Reg)
    SVC_Handler                              0x08005007   Thumb Code     2  stm32f10x_it.o(i.SVC_Handler)
    SysTick_CLKSourceConfig                  0x08005159   Thumb Code    24  misc.o(i.SysTick_CLKSourceConfig)
    SysTick_Handler                          0x08005171   Thumb Code     2  stm32f10x_it.o(i.SysTick_Handler)
    SystemInit                               0x08005175   Thumb Code    64  system_stm32f10x.o(i.SystemInit)
    TIM2_3_PWM_Init                          0x080051c5   Thumb Code   248  timer.o(i.TIM2_3_PWM_Init)
    TIM2_IRQHandler                          0x080052c5   Thumb Code    30  timer.o(i.TIM2_IRQHandler)
    TIM3_IRQHandler                          0x080052e5   Thumb Code    30  timer.o(i.TIM3_IRQHandler)
    TIM6_IRQHandler                          0x08005309   Thumb Code    32  timer.o(i.TIM6_IRQHandler)
    TIM6_Int_Init                            0x08005331   Thumb Code    90  timer.o(i.TIM6_Int_Init)
    TIM_ClearITPendingBit                    0x08005391   Thumb Code     6  stm32f10x_tim.o(i.TIM_ClearITPendingBit)
    TIM_Cmd                                  0x08005397   Thumb Code    20  stm32f10x_tim.o(i.TIM_Cmd)
    TIM_GetITStatus                          0x080053ab   Thumb Code    24  stm32f10x_tim.o(i.TIM_GetITStatus)
    TIM_ITConfig                             0x080053c3   Thumb Code    16  stm32f10x_tim.o(i.TIM_ITConfig)
    TIM_OC1Init                              0x080053d5   Thumb Code   106  stm32f10x_tim.o(i.TIM_OC1Init)
    TIM_OC1PreloadConfig                     0x08005455   Thumb Code    12  stm32f10x_tim.o(i.TIM_OC1PreloadConfig)
    TIM_OC2Init                              0x08005461   Thumb Code   120  stm32f10x_tim.o(i.TIM_OC2Init)
    TIM_OC2PreloadConfig                     0x080054e1   Thumb Code    20  stm32f10x_tim.o(i.TIM_OC2PreloadConfig)
    TIM_OC3Init                              0x080054f5   Thumb Code   116  stm32f10x_tim.o(i.TIM_OC3Init)
    TIM_OC3PreloadConfig                     0x08005571   Thumb Code    12  stm32f10x_tim.o(i.TIM_OC3PreloadConfig)
    TIM_OC4Init                              0x0800557d   Thumb Code    90  stm32f10x_tim.o(i.TIM_OC4Init)
    TIM_OC4PreloadConfig                     0x080055e1   Thumb Code    20  stm32f10x_tim.o(i.TIM_OC4PreloadConfig)
    TIM_SetCompare1                          0x080055f5   Thumb Code     4  stm32f10x_tim.o(i.TIM_SetCompare1)
    TIM_SetCompare2                          0x080055f9   Thumb Code     4  stm32f10x_tim.o(i.TIM_SetCompare2)
    TIM_SetCompare3                          0x080055fd   Thumb Code     4  stm32f10x_tim.o(i.TIM_SetCompare3)
    TIM_SetCompare4                          0x08005601   Thumb Code     6  stm32f10x_tim.o(i.TIM_SetCompare4)
    TIM_TimeBaseInit                         0x08005609   Thumb Code   114  stm32f10x_tim.o(i.TIM_TimeBaseInit)
    Trace                                    0x080056a5   Thumb Code   240  colortracer.o(i.Trace)
    USART1_IRQHandler                        0x08005799   Thumb Code    88  usart.o(i.USART1_IRQHandler)
    USART_Cmd                                0x080057fd   Thumb Code    20  stm32f10x_usart.o(i.USART_Cmd)
    USART_GetITStatus                        0x08005811   Thumb Code    62  stm32f10x_usart.o(i.USART_GetITStatus)
    USART_ITConfig                           0x0800584f   Thumb Code    48  stm32f10x_usart.o(i.USART_ITConfig)
    USART_Init                               0x08005881   Thumb Code   166  stm32f10x_usart.o(i.USART_Init)
    USART_ReceiveData                        0x0800592d   Thumb Code     8  stm32f10x_usart.o(i.USART_ReceiveData)
    UsageFault_Handler                       0x08005935   Thumb Code     2  stm32f10x_it.o(i.UsageFault_Handler)
    Vehicle_Init                             0x08005939   Thumb Code    50  vehicle.o(i.Vehicle_Init)
    _sys_exit                                0x08005971   Thumb Code     2  usart.o(i._sys_exit)
    delay_init                               0x08005975   Thumb Code    46  delay.o(i.delay_init)
    delay_ms                                 0x080059b1   Thumb Code    46  delay.o(i.delay_ms)
    delay_us                                 0x080059e5   Thumb Code    46  delay.o(i.delay_us)
    fputc                                    0x08005a19   Thumb Code    18  usart.o(i.fputc)
    main                                     0x08005a31   Thumb Code   648  main.o(i.main)
    mecanumRun                               0x08005d89   Thumb Code   422  vehicle.o(i.mecanumRun)
    setEachMotorSpeed                        0x08005f41   Thumb Code    48  vehicle.o(i.setEachMotorSpeed)
    uart_init                                0x08005f75   Thumb Code   152  usart.o(i.uart_init)
    __aeabi_d2uiz                            0x08006015   Thumb Code     0  dfixu.o(x$fpl$dfixu)
    _dfixu                                   0x08006015   Thumb Code    90  dfixu.o(x$fpl$dfixu)
    __aeabi_ui2d                             0x0800606f   Thumb Code     0  dflt_clz.o(x$fpl$dfltu)
    _dfltu                                   0x0800606f   Thumb Code    38  dflt_clz.o(x$fpl$dfltu)
    __aeabi_dmul                             0x08006095   Thumb Code     0  dmul.o(x$fpl$dmul)
    _dmul                                    0x08006095   Thumb Code   332  dmul.o(x$fpl$dmul)
    __fpl_dnaninf                            0x080061e9   Thumb Code   156  dnaninf.o(x$fpl$dnaninf)
    __fpl_dretinf                            0x08006285   Thumb Code    12  dretinf.o(x$fpl$dretinf)
    __aeabi_fadd                             0x08006291   Thumb Code     0  faddsub_clz.o(x$fpl$fadd)
    _fadd                                    0x08006291   Thumb Code   196  faddsub_clz.o(x$fpl$fadd)
    __aeabi_fdiv                             0x08006355   Thumb Code     0  fdiv.o(x$fpl$fdiv)
    _fdiv                                    0x08006355   Thumb Code   384  fdiv.o(x$fpl$fdiv)
    __aeabi_f2iz                             0x080064d9   Thumb Code     0  ffix.o(x$fpl$ffix)
    _ffix                                    0x080064d9   Thumb Code    54  ffix.o(x$fpl$ffix)
    __aeabi_f2uiz                            0x08006511   Thumb Code     0  ffixu.o(x$fpl$ffixu)
    _ffixu                                   0x08006511   Thumb Code    62  ffixu.o(x$fpl$ffixu)
    __aeabi_i2f                              0x08006551   Thumb Code     0  fflt_clz.o(x$fpl$fflt)
    _fflt                                    0x08006551   Thumb Code    48  fflt_clz.o(x$fpl$fflt)
    __aeabi_ui2f                             0x08006581   Thumb Code     0  fflt_clz.o(x$fpl$ffltu)
    _ffltu                                   0x08006581   Thumb Code    38  fflt_clz.o(x$fpl$ffltu)
    __aeabi_fmul                             0x080065a9   Thumb Code     0  fmul.o(x$fpl$fmul)
    _fmul                                    0x080065a9   Thumb Code   258  fmul.o(x$fpl$fmul)
    __fpl_fnaninf                            0x080066ab   Thumb Code   140  fnaninf.o(x$fpl$fnaninf)
    __fpl_fretinf                            0x08006737   Thumb Code    10  fretinf.o(x$fpl$fretinf)
    __aeabi_frsub                            0x08006741   Thumb Code     0  faddsub_clz.o(x$fpl$frsb)
    _frsb                                    0x08006741   Thumb Code    20  faddsub_clz.o(x$fpl$frsb)
    __aeabi_fsub                             0x08006755   Thumb Code     0  faddsub_clz.o(x$fpl$fsub)
    _fsub                                    0x08006755   Thumb Code   234  faddsub_clz.o(x$fpl$fsub)
    __I$use$fp                               0x0800683e   Number         0  usenofp.o(x$fpl$usenofp)
    asc2_1206                                0x08006848   Data        1140  lcd.o(.constdata)
    asc2_1608                                0x08006cbc   Data        1520  lcd.o(.constdata)
    asc2_2412                                0x080072ac   Data        3420  lcd.o(.constdata)
    ov7725_init_reg_tb1                      0x08008008   Data         130  ov7725.o(.constdata)
    Region$$Table$$Base                      0x080080b4   Number         0  anon$$obj.o(Region$$Table)
    Region$$Table$$Limit                     0x080080d4   Number         0  anon$$obj.o(Region$$Table)
    i                                        0x20000000   Data           1  main.o(.data)
    angularSpeed                             0x20000004   Data           4  main.o(.data)
    a                                        0x20000008   Data           4  main.o(.data)
    b                                        0x2000000c   Data           4  main.o(.data)
    c                                        0x20000010   Data           4  main.o(.data)
    linearSpeed_x                            0x20000014   Data           4  main.o(.data)
    linearSpeed_y                            0x20000018   Data           4  main.o(.data)
    SystemCoreClock                          0x2000001c   Data           4  system_stm32f10x.o(.data)
    AHBPrescTable                            0x20000020   Data          16  system_stm32f10x.o(.data)
    POINT_COLOR                              0x20000030   Data           2  lcd.o(.data)
    BACK_COLOR                               0x20000032   Data           2  lcd.o(.data)
    Ov7670_Vsync                             0x20000034   Data           1  exti.o(.data)
    ov_sta                                   0x20000035   Data           1  exti.o(.data)
    ov_frame                                 0x20000036   Data           1  timer.o(.data)
    condition5                               0x20000038   Data          24  colortracer.o(.data)
    H                                        0x20000050   Data           1  colortracer.o(.data)
    S                                        0x20000051   Data           1  colortracer.o(.data)
    L                                        0x20000052   Data           1  colortracer.o(.data)
    maxLinearSpeed                           0x20000074   Data           4  vehicle.o(.data)
    pwm_data1                                0x20000078   Data           4  vehicle.o(.data)
    pwm_data2                                0x2000007c   Data           4  vehicle.o(.data)
    pwm_data3                                0x20000080   Data           4  vehicle.o(.data)
    pwm_data4                                0x20000084   Data           4  vehicle.o(.data)
    USART_RX_STA                             0x2000008c   Data           2  usart.o(.data)
    __stdout                                 0x20000090   Data           4  usart.o(.data)
    lcddev                                   0x200000a8   Data          14  lcd.o(.bss)
    result                                   0x200000b8   Data          16  colortracer.o(.bss)
    USART_RX_BUF                             0x200000c8   Data         200  usart.o(.bss)
    __libspace_start                         0x20000190   Data          96  libspace.o(.bss)
    __temporary_stack_top$libspace           0x200001f0   Data           0  libspace.o(.bss)



==============================================================================

Memory Map of the image

  Image Entry point : 0x08000131

  Load Region LR_IROM1 (Base: 0x08000000, Size: 0x0000817c, Max: 0x00080000, ABSOLUTE)

    Execution Region ER_IROM1 (Base: 0x08000000, Size: 0x000080d4, Max: 0x00080000, ABSOLUTE)

    Base Addr    Size         Type   Attr      Idx    E Section Name        Object

    0x08000000   0x00000130   Data   RO          853    RESET               startup_stm32f10x_hd.o
    0x08000130   0x00000008   Code   RO         2153  * !!!main             c_w.l(__main.o)
    0x08000138   0x00000034   Code   RO         2367    !!!scatter          c_w.l(__scatter.o)
    0x0800016c   0x0000001a   Code   RO         2369    !!handler_copy      c_w.l(__scatter_copy.o)
    0x08000186   0x00000002   PAD
    0x08000188   0x0000001c   Code   RO         2371    !!handler_zi        c_w.l(__scatter_zi.o)
    0x080001a4   0x00000000   Code   RO         2150    .ARM.Collect$$_printf_percent$$00000000  c_w.l(_printf_percent.o)
    0x080001a4   0x00000006   Code   RO         2149    .ARM.Collect$$_printf_percent$$00000009  c_w.l(_printf_d.o)
    0x080001aa   0x00000006   Code   RO         2148    .ARM.Collect$$_printf_percent$$0000000C  c_w.l(_printf_x.o)
    0x080001b0   0x00000004   Code   RO         2200    .ARM.Collect$$_printf_percent$$00000017  c_w.l(_printf_percent_end.o)
    0x080001b4   0x00000002   Code   RO         2242    .ARM.Collect$$libinit$$00000000  c_w.l(libinit.o)
    0x080001b6   0x00000000   Code   RO         2249    .ARM.Collect$$libinit$$00000002  c_w.l(libinit2.o)
    0x080001b6   0x00000000   Code   RO         2251    .ARM.Collect$$libinit$$00000004  c_w.l(libinit2.o)
    0x080001b6   0x00000000   Code   RO         2254    .ARM.Collect$$libinit$$0000000A  c_w.l(libinit2.o)
    0x080001b6   0x00000000   Code   RO         2256    .ARM.Collect$$libinit$$0000000C  c_w.l(libinit2.o)
    0x080001b6   0x00000000   Code   RO         2258    .ARM.Collect$$libinit$$0000000E  c_w.l(libinit2.o)
    0x080001b6   0x00000000   Code   RO         2261    .ARM.Collect$$libinit$$00000011  c_w.l(libinit2.o)
    0x080001b6   0x00000000   Code   RO         2263    .ARM.Collect$$libinit$$00000013  c_w.l(libinit2.o)
    0x080001b6   0x00000000   Code   RO         2265    .ARM.Collect$$libinit$$00000015  c_w.l(libinit2.o)
    0x080001b6   0x00000000   Code   RO         2267    .ARM.Collect$$libinit$$00000017  c_w.l(libinit2.o)
    0x080001b6   0x00000000   Code   RO         2269    .ARM.Collect$$libinit$$00000019  c_w.l(libinit2.o)
    0x080001b6   0x00000000   Code   RO         2271    .ARM.Collect$$libinit$$0000001B  c_w.l(libinit2.o)
    0x080001b6   0x00000000   Code   RO         2273    .ARM.Collect$$libinit$$0000001D  c_w.l(libinit2.o)
    0x080001b6   0x00000000   Code   RO         2275    .ARM.Collect$$libinit$$0000001F  c_w.l(libinit2.o)
    0x080001b6   0x00000000   Code   RO         2277    .ARM.Collect$$libinit$$00000021  c_w.l(libinit2.o)
    0x080001b6   0x00000000   Code   RO         2279    .ARM.Collect$$libinit$$00000023  c_w.l(libinit2.o)
    0x080001b6   0x00000000   Code   RO         2281    .ARM.Collect$$libinit$$00000025  c_w.l(libinit2.o)
    0x080001b6   0x00000000   Code   RO         2285    .ARM.Collect$$libinit$$0000002C  c_w.l(libinit2.o)
    0x080001b6   0x00000000   Code   RO         2287    .ARM.Collect$$libinit$$0000002E  c_w.l(libinit2.o)
    0x080001b6   0x00000000   Code   RO         2289    .ARM.Collect$$libinit$$00000030  c_w.l(libinit2.o)
    0x080001b6   0x00000000   Code   RO         2291    .ARM.Collect$$libinit$$00000032  c_w.l(libinit2.o)
    0x080001b6   0x00000002   Code   RO         2292    .ARM.Collect$$libinit$$00000033  c_w.l(libinit2.o)
    0x080001b8   0x00000002   Code   RO         2310    .ARM.Collect$$libshutdown$$00000000  c_w.l(libshutdown.o)
    0x080001ba   0x00000000   Code   RO         2321    .ARM.Collect$$libshutdown$$00000003  c_w.l(libshutdown2.o)
    0x080001ba   0x00000000   Code   RO         2324    .ARM.Collect$$libshutdown$$00000006  c_w.l(libshutdown2.o)
    0x080001ba   0x00000000   Code   RO         2327    .ARM.Collect$$libshutdown$$00000009  c_w.l(libshutdown2.o)
    0x080001ba   0x00000000   Code   RO         2329    .ARM.Collect$$libshutdown$$0000000B  c_w.l(libshutdown2.o)
    0x080001ba   0x00000000   Code   RO         2332    .ARM.Collect$$libshutdown$$0000000E  c_w.l(libshutdown2.o)
    0x080001ba   0x00000002   Code   RO         2333    .ARM.Collect$$libshutdown$$0000000F  c_w.l(libshutdown2.o)
    0x080001bc   0x00000000   Code   RO         2195    .ARM.Collect$$rtentry$$00000000  c_w.l(__rtentry.o)
    0x080001bc   0x00000000   Code   RO         2211    .ARM.Collect$$rtentry$$00000002  c_w.l(__rtentry2.o)
    0x080001bc   0x00000006   Code   RO         2223    .ARM.Collect$$rtentry$$00000004  c_w.l(__rtentry4.o)
    0x080001c2   0x00000000   Code   RO         2213    .ARM.Collect$$rtentry$$00000009  c_w.l(__rtentry2.o)
    0x080001c2   0x00000004   Code   RO         2214    .ARM.Collect$$rtentry$$0000000A  c_w.l(__rtentry2.o)
    0x080001c6   0x00000000   Code   RO         2216    .ARM.Collect$$rtentry$$0000000C  c_w.l(__rtentry2.o)
    0x080001c6   0x00000008   Code   RO         2217    .ARM.Collect$$rtentry$$0000000D  c_w.l(__rtentry2.o)
    0x080001ce   0x00000002   Code   RO         2246    .ARM.Collect$$rtexit$$00000000  c_w.l(rtexit.o)
    0x080001d0   0x00000000   Code   RO         2294    .ARM.Collect$$rtexit$$00000002  c_w.l(rtexit2.o)
    0x080001d0   0x00000004   Code   RO         2295    .ARM.Collect$$rtexit$$00000003  c_w.l(rtexit2.o)
    0x080001d4   0x00000006   Code   RO         2296    .ARM.Collect$$rtexit$$00000004  c_w.l(rtexit2.o)
    0x080001da   0x00000002   PAD
    0x080001dc   0x0000003c   Code   RO          854    .text               startup_stm32f10x_hd.o
    0x08000218   0x00000002   Code   RO         2097    .text               c_w.l(use_no_semi_2.o)
    0x0800021a   0x00000002   PAD
    0x0800021c   0x00000018   Code   RO         2101    .text               c_w.l(noretval__2printf.o)
    0x08000234   0x00000068   Code   RO         2103    .text               c_w.l(__printf.o)
    0x0800029c   0x00000078   Code   RO         2105    .text               c_w.l(_printf_dec.o)
    0x08000314   0x00000058   Code   RO         2110    .text               c_w.l(_printf_hex_int.o)
    0x0800036c   0x00000006   Code   RO         2151    .text               c_w.l(heapauxi.o)
    0x08000372   0x00000002   Code   RO         2193    .text               c_w.l(use_no_semi.o)
    0x08000374   0x000000b2   Code   RO         2196    .text               c_w.l(_printf_intcommon.o)
    0x08000426   0x00000002   PAD
    0x08000428   0x00000024   Code   RO         2198    .text               c_w.l(_printf_char_file.o)
    0x0800044c   0x00000030   Code   RO         2225    .text               c_w.l(_printf_char_common.o)
    0x0800047c   0x00000008   Code   RO         2227    .text               c_w.l(ferror.o)
    0x08000484   0x0000004a   Code   RO         2231    .text               c_w.l(sys_stackheap_outer.o)
    0x080004ce   0x0000000c   Code   RO         2235    .text               c_w.l(exit.o)
    0x080004da   0x00000002   PAD
    0x080004dc   0x00000008   Code   RO         2243    .text               c_w.l(libspace.o)
    0x080004e4   0x00000002   Code   RO          122    i.BusFault_Handler  stm32f10x_it.o
    0x080004e6   0x00000002   PAD
    0x080004e8   0x00000040   Code   RO          492    i.ColorMatch        colortracer.o
    0x08000528   0x00000128   Code   RO          493    i.Corrode           colortracer.o
    0x08000650   0x00000002   Code   RO          123    i.DebugMon_Handler  stm32f10x_it.o
    0x08000652   0x00000042   Code   RO          428    i.EXTI8_Init        exti.o
    0x08000694   0x0000005c   Code   RO          429    i.EXTI9_5_IRQHandler  exti.o
    0x080006f0   0x0000000c   Code   RO         1509    i.EXTI_ClearITPendingBit  stm32f10x_exti.o
    0x080006fc   0x00000020   Code   RO         1513    i.EXTI_GetITStatus  stm32f10x_exti.o
    0x0800071c   0x00000070   Code   RO         1514    i.EXTI_Init         stm32f10x_exti.o
    0x0800078c   0x00000020   Code   RO          905    i.FSMC_NORSRAMCmd   stm32f10x_fsmc.o
    0x080007ac   0x000000c8   Code   RO          907    i.FSMC_NORSRAMInit  stm32f10x_fsmc.o
    0x08000874   0x00000028   Code   RO         1017    i.GPIO_EXTILineConfig  stm32f10x_gpio.o
    0x0800089c   0x0000009c   Code   RO         1020    i.GPIO_Init         stm32f10x_gpio.o
    0x08000938   0x00000058   Code   RO         1022    i.GPIO_PinRemapConfig  stm32f10x_gpio.o
    0x08000990   0x0000000e   Code   RO         1024    i.GPIO_ReadInputDataBit  stm32f10x_gpio.o
    0x0800099e   0x00000004   Code   RO         1027    i.GPIO_ResetBits    stm32f10x_gpio.o
    0x080009a2   0x00000004   Code   RO         1028    i.GPIO_SetBits      stm32f10x_gpio.o
    0x080009a6   0x00000002   Code   RO          124    i.HardFault_Handler  stm32f10x_it.o
    0x080009a8   0x0000003c   Code   RO          680    i.KEY_Init          key.o
    0x080009e4   0x000000a8   Code   RO          681    i.KEY_Scan          key.o
    0x08000a8c   0x00000012   Code   RO          234    i.LCD_BGR2RGB       lcd.o
    0x08000a9e   0x00000002   PAD
    0x08000aa0   0x0000006c   Code   RO          235    i.LCD_Clear         lcd.o
    0x08000b0c   0x00000134   Code   RO          239    i.LCD_Display_Dir   lcd.o
    0x08000c40   0x00000096   Code   RO          240    i.LCD_DrawLine      lcd.o
    0x08000cd6   0x00000002   PAD
    0x08000cd8   0x0000001c   Code   RO          241    i.LCD_DrawPoint     lcd.o
    0x08000cf4   0x00000038   Code   RO          242    i.LCD_DrawRectangle  lcd.o
    0x08000d2c   0x0000011c   Code   RO          244    i.LCD_Fast_DrawPoint  lcd.o
    0x08000e48   0x0000008c   Code   RO          245    i.LCD_Fill          lcd.o
    0x08000ed4   0x00002e18   Code   RO          246    i.LCD_Init          lcd.o
    0x08003cec   0x00000014   Code   RO          248    i.LCD_RD_DATA       lcd.o
    0x08003d00   0x00000108   Code   RO          249    i.LCD_ReadPoint     lcd.o
    0x08003e08   0x00000018   Code   RO          250    i.LCD_ReadReg       lcd.o
    0x08003e20   0x0000003c   Code   RO          251    i.LCD_SSD_BackLightSet  lcd.o
    0x08003e5c   0x000001a8   Code   RO          252    i.LCD_Scan_Dir      lcd.o
    0x08004004   0x00000148   Code   RO          253    i.LCD_SetCursor     lcd.o
    0x0800414c   0x0000017c   Code   RO          254    i.LCD_Set_Window    lcd.o
    0x080042c8   0x000000cc   Code   RO          255    i.LCD_ShowChar      lcd.o
    0x08004394   0x00000054   Code   RO          257    i.LCD_ShowString    lcd.o
    0x080043e8   0x00000014   Code   RO          262    i.LCD_WriteRAM_Prepare  lcd.o
    0x080043fc   0x00000010   Code   RO          263    i.LCD_WriteReg      lcd.o
    0x0800440c   0x00000050   Code   RO          668    i.LED_Init          led.o
    0x0800445c   0x00000002   Code   RO          125    i.MemManage_Handler  stm32f10x_it.o
    0x0800445e   0x00000002   PAD
    0x08004460   0x00000158   Code   RO            1    i.Move_Trace        main.o
    0x080045b8   0x00000002   Code   RO          126    i.NMI_Handler       stm32f10x_it.o
    0x080045ba   0x00000002   PAD
    0x080045bc   0x00000064   Code   RO          858    i.NVIC_Init         misc.o
    0x08004620   0x00000014   Code   RO          859    i.NVIC_PriorityGroupConfig  misc.o
    0x08004634   0x0000004e   Code   RO          549    i.OV7725_Brightness  ov7725.o
    0x08004682   0x00000022   Code   RO          550    i.OV7725_Color_Saturation  ov7725.o
    0x080046a4   0x00000016   Code   RO          551    i.OV7725_Contrast   ov7725.o
    0x080046ba   0x00000002   PAD
    0x080046bc   0x0000015c   Code   RO          552    i.OV7725_Init       ov7725.o
    0x08004818   0x00000098   Code   RO          553    i.OV7725_Light_Mode  ov7725.o
    0x080048b0   0x0000008a   Code   RO          554    i.OV7725_Special_Effects  ov7725.o
    0x0800493a   0x00000146   Code   RO          555    i.OV7725_Window_Set  ov7725.o
    0x08004a80   0x000000f0   Code   RO            2    i.OV7725_camera_refresh  main.o
    0x08004b70   0x00000002   Code   RO          127    i.PendSV_Handler    stm32f10x_it.o
    0x08004b72   0x00000002   PAD
    0x08004b74   0x00000018   Code   RO         1129    i.RCC_AHBPeriphClockCmd  stm32f10x_rcc.o
    0x08004b8c   0x00000018   Code   RO         1130    i.RCC_APB1PeriphClockCmd  stm32f10x_rcc.o
    0x08004ba4   0x00000018   Code   RO         1132    i.RCC_APB2PeriphClockCmd  stm32f10x_rcc.o
    0x08004bbc   0x00000094   Code   RO         1140    i.RCC_GetClocksFreq  stm32f10x_rcc.o
    0x08004c50   0x000000ec   Code   RO          494    i.RGB2HSL           colortracer.o
    0x08004d3c   0x0000001e   Code   RO          495    i.ReadColor         colortracer.o
    0x08004d5a   0x00000002   PAD
    0x08004d5c   0x0000006c   Code   RO          603    i.SCCB_Init         sccb.o
    0x08004dc8   0x00000044   Code   RO          604    i.SCCB_No_Ack       sccb.o
    0x08004e0c   0x00000074   Code   RO          605    i.SCCB_RD_Byte      sccb.o
    0x08004e80   0x0000004c   Code   RO          606    i.SCCB_RD_Reg       sccb.o
    0x08004ecc   0x00000034   Code   RO          607    i.SCCB_Start        sccb.o
    0x08004f00   0x00000038   Code   RO          608    i.SCCB_Stop         sccb.o
    0x08004f38   0x00000090   Code   RO          609    i.SCCB_WR_Byte      sccb.o
    0x08004fc8   0x0000003e   Code   RO          610    i.SCCB_WR_Reg       sccb.o
    0x08005006   0x00000002   Code   RO          128    i.SVC_Handler       stm32f10x_it.o
    0x08005008   0x000000a6   Code   RO          496    i.SearchCenter      colortracer.o
    0x080050ae   0x00000002   PAD
    0x080050b0   0x000000a8   Code   RO          205    i.SetSysClockTo72   system_stm32f10x.o
    0x08005158   0x00000018   Code   RO          862    i.SysTick_CLKSourceConfig  misc.o
    0x08005170   0x00000002   Code   RO          129    i.SysTick_Handler   stm32f10x_it.o
    0x08005172   0x00000002   PAD
    0x08005174   0x00000050   Code   RO          207    i.SystemInit        system_stm32f10x.o
    0x080051c4   0x00000100   Code   RO          449    i.TIM2_3_PWM_Init   timer.o
    0x080052c4   0x0000001e   Code   RO          450    i.TIM2_IRQHandler   timer.o
    0x080052e2   0x00000002   PAD
    0x080052e4   0x00000024   Code   RO          451    i.TIM3_IRQHandler   timer.o
    0x08005308   0x00000028   Code   RO          452    i.TIM6_IRQHandler   timer.o
    0x08005330   0x00000060   Code   RO          453    i.TIM6_Int_Init     timer.o
    0x08005390   0x00000006   Code   RO         1571    i.TIM_ClearITPendingBit  stm32f10x_tim.o
    0x08005396   0x00000014   Code   RO         1576    i.TIM_Cmd           stm32f10x_tim.o
    0x080053aa   0x00000018   Code   RO         1597    i.TIM_GetITStatus   stm32f10x_tim.o
    0x080053c2   0x00000010   Code   RO         1601    i.TIM_ITConfig      stm32f10x_tim.o
    0x080053d2   0x00000002   PAD
    0x080053d4   0x00000080   Code   RO         1605    i.TIM_OC1Init       stm32f10x_tim.o
    0x08005454   0x0000000c   Code   RO         1608    i.TIM_OC1PreloadConfig  stm32f10x_tim.o
    0x08005460   0x00000080   Code   RO         1610    i.TIM_OC2Init       stm32f10x_tim.o
    0x080054e0   0x00000014   Code   RO         1613    i.TIM_OC2PreloadConfig  stm32f10x_tim.o
    0x080054f4   0x0000007c   Code   RO         1615    i.TIM_OC3Init       stm32f10x_tim.o
    0x08005570   0x0000000c   Code   RO         1618    i.TIM_OC3PreloadConfig  stm32f10x_tim.o
    0x0800557c   0x00000064   Code   RO         1620    i.TIM_OC4Init       stm32f10x_tim.o
    0x080055e0   0x00000014   Code   RO         1622    i.TIM_OC4PreloadConfig  stm32f10x_tim.o
    0x080055f4   0x00000004   Code   RO         1637    i.TIM_SetCompare1   stm32f10x_tim.o
    0x080055f8   0x00000004   Code   RO         1638    i.TIM_SetCompare2   stm32f10x_tim.o
    0x080055fc   0x00000004   Code   RO         1639    i.TIM_SetCompare3   stm32f10x_tim.o
    0x08005600   0x00000006   Code   RO         1640    i.TIM_SetCompare4   stm32f10x_tim.o
    0x08005606   0x00000002   PAD
    0x08005608   0x0000009c   Code   RO         1647    i.TIM_TimeBaseInit  stm32f10x_tim.o
    0x080056a4   0x000000f4   Code   RO          497    i.Trace             colortracer.o
    0x08005798   0x00000064   Code   RO          799    i.USART1_IRQHandler  usart.o
    0x080057fc   0x00000014   Code   RO         1332    i.USART_Cmd         stm32f10x_usart.o
    0x08005810   0x0000003e   Code   RO         1336    i.USART_GetITStatus  stm32f10x_usart.o
    0x0800584e   0x00000030   Code   RO         1338    i.USART_ITConfig    stm32f10x_usart.o
    0x0800587e   0x00000002   PAD
    0x08005880   0x000000ac   Code   RO         1339    i.USART_Init        stm32f10x_usart.o
    0x0800592c   0x00000008   Code   RO         1346    i.USART_ReceiveData  stm32f10x_usart.o
    0x08005934   0x00000002   Code   RO          130    i.UsageFault_Handler  stm32f10x_it.o
    0x08005936   0x00000002   PAD
    0x08005938   0x00000038   Code   RO          699    i.Vehicle_Init      vehicle.o
    0x08005970   0x00000002   Code   RO          800    i._sys_exit         usart.o
    0x08005972   0x00000002   PAD
    0x08005974   0x0000003c   Code   RO          744    i.delay_init        delay.o
    0x080059b0   0x00000034   Code   RO          745    i.delay_ms          delay.o
    0x080059e4   0x00000034   Code   RO          746    i.delay_us          delay.o
    0x08005a18   0x00000018   Code   RO          801    i.fputc             usart.o
    0x08005a30   0x00000358   Code   RO            3    i.main              main.o
    0x08005d88   0x000001b8   Code   RO          702    i.mecanumRun        vehicle.o
    0x08005f40   0x00000034   Code   RO          703    i.setEachMotorSpeed  vehicle.o
    0x08005f74   0x000000a0   Code   RO          802    i.uart_init         usart.o
    0x08006014   0x0000005a   Code   RO         2155    x$fpl$dfixu         fz_ws.l(dfixu.o)
    0x0800606e   0x00000026   Code   RO         2159    x$fpl$dfltu         fz_ws.l(dflt_clz.o)
    0x08006094   0x00000154   Code   RO         2165    x$fpl$dmul          fz_ws.l(dmul.o)
    0x080061e8   0x0000009c   Code   RO         2201    x$fpl$dnaninf       fz_ws.l(dnaninf.o)
    0x08006284   0x0000000c   Code   RO         2203    x$fpl$dretinf       fz_ws.l(dretinf.o)
    0x08006290   0x000000c4   Code   RO         2167    x$fpl$fadd          fz_ws.l(faddsub_clz.o)
    0x08006354   0x00000184   Code   RO         2174    x$fpl$fdiv          fz_ws.l(fdiv.o)
    0x080064d8   0x00000036   Code   RO         2177    x$fpl$ffix          fz_ws.l(ffix.o)
    0x0800650e   0x00000002   PAD
    0x08006510   0x0000003e   Code   RO         2181    x$fpl$ffixu         fz_ws.l(ffixu.o)
    0x0800654e   0x00000002   PAD
    0x08006550   0x00000030   Code   RO         2186    x$fpl$fflt          fz_ws.l(fflt_clz.o)
    0x08006580   0x00000026   Code   RO         2185    x$fpl$ffltu         fz_ws.l(fflt_clz.o)
    0x080065a6   0x00000002   PAD
    0x080065a8   0x00000102   Code   RO         2191    x$fpl$fmul          fz_ws.l(fmul.o)
    0x080066aa   0x0000008c   Code   RO         2205    x$fpl$fnaninf       fz_ws.l(fnaninf.o)
    0x08006736   0x0000000a   Code   RO         2207    x$fpl$fretinf       fz_ws.l(fretinf.o)
    0x08006740   0x00000014   Code   RO         2168    x$fpl$frsb          fz_ws.l(faddsub_clz.o)
    0x08006754   0x000000ea   Code   RO         2169    x$fpl$fsub          fz_ws.l(faddsub_clz.o)
    0x0800683e   0x00000000   Code   RO         2209    x$fpl$usenofp       fz_ws.l(usenofp.o)
    0x0800683e   0x00000002   PAD
    0x08006840   0x00000008   Data   RO            4    .constdata          main.o
    0x08006848   0x000017c0   Data   RO          266    .constdata          lcd.o
    0x08008008   0x00000082   Data   RO          556    .constdata          ov7725.o
    0x0800808a   0x00000028   Data   RO         2111    .constdata          c_w.l(_printf_hex_int.o)
    0x080080b2   0x00000002   PAD
    0x080080b4   0x00000020   Data   RO         2365    Region$$Table       anon$$obj.o


    Execution Region RW_IRAM1 (Base: 0x20000000, Size: 0x000005f0, Max: 0x00010000, ABSOLUTE)

    Base Addr    Size         Type   Attr      Idx    E Section Name        Object

    0x20000000   0x0000001c   Data   RW            5    .data               main.o
    0x2000001c   0x00000014   Data   RW          208    .data               system_stm32f10x.o
    0x20000030   0x00000004   Data   RW          267    .data               lcd.o
    0x20000034   0x00000002   Data   RW          430    .data               exti.o
    0x20000036   0x00000001   Data   RW          454    .data               timer.o
    0x20000037   0x00000001   PAD
    0x20000038   0x00000018   Data   RW          504    .data               colortracer.o
    0x20000050   0x00000020   Data   RW          508    .data               colortracer.o
    0x20000070   0x00000001   Data   RW          682    .data               key.o
    0x20000071   0x00000003   PAD
    0x20000074   0x00000014   Data   RW          707    .data               vehicle.o
    0x20000088   0x00000004   Data   RW          747    .data               delay.o
    0x2000008c   0x00000002   Data   RW          804    .data               usart.o
    0x2000008e   0x00000002   PAD
    0x20000090   0x00000004   Data   RW          805    .data               usart.o
    0x20000094   0x00000014   Data   RW         1160    .data               stm32f10x_rcc.o
    0x200000a8   0x0000000e   Zero   RW          265    .bss                lcd.o
    0x200000b6   0x00000002   PAD
    0x200000b8   0x00000010   Zero   RW          498    .bss                colortracer.o
    0x200000c8   0x000000c8   Zero   RW          803    .bss                usart.o
    0x20000190   0x00000060   Zero   RW         2244    .bss                c_w.l(libspace.o)
    0x200001f0   0x00000000   Zero   RW          852    HEAP                startup_stm32f10x_hd.o
    0x200001f0   0x00000400   Zero   RW          851    STACK               startup_stm32f10x_hd.o


==============================================================================

Image component sizes


      Code (inc. data)   RO Data    RW Data    ZI Data      Debug   Object Name

      1036          8          0         56         16       7080   colortracer.o
       164         26          0          4          0       1683   delay.o
       158         14          0          2          0       1776   exti.o
       228         22          0          1          0       1206   key.o
     14716        200       6080          4         14      56120   lcd.o
        80         10          0          0          0        519   led.o
      1440        260          8         28          0     267700   main.o
       144         16          0          0          0       2013   misc.o
      1098         76        130          0          0       7153   ov7725.o
       682         66          0          0          0       4851   sccb.o
        60         22        304          0       1024        804   startup_stm32f10x_hd.o
       156         14          0          0          0       2108   stm32f10x_exti.o
       232          6          0          0          0       1849   stm32f10x_fsmc.o
       306         12          0          0          0       4692   stm32f10x_gpio.o
        18          0          0          0          0       3810   stm32f10x_it.o
       220         34          0         20          0       4974   stm32f10x_rcc.o
       784         90          0          0          0      11081   stm32f10x_tim.o
       310          6          0          0          0       4682   stm32f10x_usart.o
         0          0          0          0          0         32   sys.o
       248         24          0         20          0       1777   system_stm32f10x.o
       458         28          0          1          0       3227   timer.o
       286         26          0          6        200       4108   usart.o
       548         28          0         20          0       2545   vehicle.o

    ----------------------------------------------------------------------
     23404        988       6554        168       1256     395790   Object Totals
         0          0         32          0          0          0   (incl. Generated)
        32          0          0          6          2          0   (incl. Padding)

    ----------------------------------------------------------------------

      Code (inc. data)   RO Data    RW Data    ZI Data      Debug   Library Member Name

         8          0          0          0          0         68   __main.o
       104          0          0          0          0         84   __printf.o
         0          0          0          0          0          0   __rtentry.o
        12          0          0          0          0          0   __rtentry2.o
         6          0          0          0          0          0   __rtentry4.o
        52          8          0          0          0          0   __scatter.o
        26          0          0          0          0          0   __scatter_copy.o
        28          0          0          0          0          0   __scatter_zi.o
        48          6          0          0          0         96   _printf_char_common.o
        36          4          0          0          0         80   _printf_char_file.o
         6          0          0          0          0          0   _printf_d.o
       120         16          0          0          0         92   _printf_dec.o
        88          4         40          0          0         88   _printf_hex_int.o
       178          0          0          0          0         88   _printf_intcommon.o
         0          0          0          0          0          0   _printf_percent.o
         4          0          0          0          0          0   _printf_percent_end.o
         6          0          0          0          0          0   _printf_x.o
        12          0          0          0          0         72   exit.o
         8          0          0          0          0         68   ferror.o
         6          0          0          0          0        152   heapauxi.o
         2          0          0          0          0          0   libinit.o
         2          0          0          0          0          0   libinit2.o
         2          0          0          0          0          0   libshutdown.o
         2          0          0          0          0          0   libshutdown2.o
         8          4          0          0         96         68   libspace.o
        24          4          0          0          0         84   noretval__2printf.o
         2          0          0          0          0          0   rtexit.o
        10          0          0          0          0          0   rtexit2.o
        74          0          0          0          0         80   sys_stackheap_outer.o
         2          0          0          0          0         68   use_no_semi.o
         2          0          0          0          0         68   use_no_semi_2.o
        90          4          0          0          0         92   dfixu.o
        38          0          0          0          0         68   dflt_clz.o
       340         12          0          0          0        104   dmul.o
       156          4          0          0          0         92   dnaninf.o
        12          0          0          0          0         68   dretinf.o
       450          8          0          0          0        236   faddsub_clz.o
       388         76          0          0          0         96   fdiv.o
        54          4          0          0          0         84   ffix.o
        62          4          0          0          0         84   ffixu.o
        86          0          0          0          0        136   fflt_clz.o
       258          4          0          0          0         84   fmul.o
       140          4          0          0          0         84   fnaninf.o
        10          0          0          0          0         68   fretinf.o
         0          0          0          0          0          0   usenofp.o

    ----------------------------------------------------------------------
      2980        166         42          0         96       2552   Library Totals
        18          0          2          0          0          0   (incl. Padding)

    ----------------------------------------------------------------------

      Code (inc. data)   RO Data    RW Data    ZI Data      Debug   Library Name

       878         46         40          0         96       1256   c_w.l
      2084        120          0          0          0       1296   fz_ws.l

    ----------------------------------------------------------------------
      2980        166         42          0         96       2552   Library Totals

    ----------------------------------------------------------------------

==============================================================================


      Code (inc. data)   RO Data    RW Data    ZI Data      Debug   

     26384       1154       6596        168       1352     391266   Grand Totals
     26384       1154       6596        168       1352     391266   ELF Image Totals
     26384       1154       6596        168          0          0   ROM Totals

==============================================================================

    Total RO  Size (Code + RO Data)                32980 (  32.21kB)
    Total RW  Size (RW Data + ZI Data)              1520 (   1.48kB)
    Total ROM Size (Code + RO Data + RW Data)      33148 (  32.37kB)

==============================================================================

